error: [Hilt] Provided Metadata instance has version 2.2.0, while maximum supported version is 2.1.0. To support newer versions, update the kotlinx-metadata-jvm library.: java.lang.IllegalArgumentException: Provided Metadata instance has version 2.2.0, while maximum supported version is 2.1.0. To support newer versions, update the kotlinx-metadata-jvm library.
error: [Hilt] Provided Metadata instance has version 2.2.0, while maximum supported version is 2.1.0. To support newer versions, update the kotlinx-metadata-jvm library.: java.lang.IllegalArgumentException: Provided Metadata instance has version 2.2.0, while maximum supported version is 2.1.0. To support newer versions, update the kotlinx-metadata-jvm library.
  	at dagger.spi.internal.shaded.androidx.room.jarjarred.kotlinx.metadata.jvm.internal.JvmReadUtils.throwIfNotCompatible$kotlinx_metadata_jvm(JvmReadUtils.kt:101)
  	at dagger.spi.internal.shaded.androidx.room.jarjarred.kotlinx.metadata.jvm.internal.JvmReadUtils.throwIfNotCompatible$kotlinx_metadata_jvm(JvmReadUtils.kt:101)
  	at dagger.spi.internal.shaded.androidx.room.jarjarred.kotlinx.metadata.jvm.internal.JvmReadUtils.checkMetadataVersionForRead(JvmReadUtils.kt:90)
  	at dagger.spi.internal.shaded.androidx.room.jarjarred.kotlinx.metadata.jvm.internal.JvmReadUtils.checkMetadataVersionForRead(JvmReadUtils.kt:90)
  	at dagger.spi.internal.shaded.androidx.room.jarjarred.kotlinx.metadata.jvm.internal.JvmReadUtils.readMetadataImpl$kotlinx_metadata_jvm(JvmReadUtils.kt:47)
  	at dagger.spi.internal.shaded.androidx.room.jarjarred.kotlinx.metadata.jvm.internal.JvmReadUtils.readMetadataImpl$kotlinx_metadata_jvm(JvmReadUtils.kt:47)
  	at dagger.spi.internal.shaded.androidx.room.jarjarred.kotlinx.metadata.jvm.KotlinClassMetadata$Companion.readStrict(KotlinClassMetadata.kt:793)
  	at dagger.spi.internal.shaded.androidx.room.jarjarred.kotlinx.metadata.jvm.KotlinClassMetadata$Companion.readStrict(KotlinClassMetadata.kt:793)
  	at dagger.spi.internal.shaded.androidx.room.compiler.processing.javac.kotlin.KmClassContainer$Companion.createFor(KotlinClassMetadataUtils.kt:182)
  	at dagger.spi.internal.shaded.androidx.room.compiler.processing.javac.kotlin.KmClassContainer$Companion.createFor(KotlinClassMetadataUtils.kt:182)
  	at dagger.spi.internal.shaded.androidx.room.compiler.processing.javac.JavacTypeElement$kotlinMetadata$2.invoke(JavacTypeElement.kt:57)
  	at dagger.spi.internal.shaded.androidx.room.compiler.processing.javac.JavacTypeElement$kotlinMetadata$2.invoke(JavacTypeElement.kt:57)
  	at dagger.spi.internal.shaded.androidx.room.compiler.processing.javac.JavacTypeElement$kotlinMetadata$2.invoke(JavacTypeElement.kt:57)
  	at dagger.spi.internal.shaded.androidx.room.compiler.processing.javac.JavacTypeElement$kotlinMetadata$2.invoke(JavacTypeElement.kt:57)
  	at kotlin.SynchronizedLazyImpl.getValue(LazyJVM.kt:74)
  	at kotlin.SynchronizedLazyImpl.getValue(LazyJVM.kt:74)
  	at dagger.spi.internal.shaded.androidx.room.compiler.processing.javac.JavacTypeElement.getKotlinMetadata(JavacTypeElement.kt:57)
  	at dagger.spi.internal.shaded.androidx.room.compiler.processing.javac.JavacTypeElement.getKotlinMetadata(JavacTypeElement.kt:57)
  	at dagger.spi.internal.shaded.androidx.room.compiler.processing.javac.JavacTypeElement$type$2.invoke(JavacTypeElement.kt:215)
  	at dagger.spi.internal.shaded.androidx.room.compiler.processing.javac.JavacTypeElement$type$2.invoke(JavacTypeElement.kt:215)
  	at dagger.spi.internal.shaded.androidx.room.compiler.processing.javac.JavacTypeElement$type$2.invoke(JavacTypeElement.kt:212)
  	at dagger.spi.internal.shaded.androidx.room.compiler.processing.javac.JavacTypeElement$type$2.invoke(JavacTypeElement.kt:212)
  	at kotlin.SynchronizedLazyImpl.getValue(LazyJVM.kt:74)
  	at kotlin.SynchronizedLazyImpl.getValue(LazyJVM.kt:74)
  	at dagger.spi.internal.shaded.androidx.room.compiler.processing.javac.JavacTypeElement.getType(JavacTypeElement.kt:212)
  	at dagger.spi.internal.shaded.androidx.room.compiler.processing.javac.JavacTypeElement.getType(JavacTypeElement.kt:212)
  	at dagger.spi.internal.shaded.androidx.room.compiler.processing.javac.JavacTypeElement.getType(JavacTypeElement.kt:44)
  	at dagger.spi.internal.shaded.androidx.room.compiler.processing.javac.JavacTypeElement.getType(JavacTypeElement.kt:44)
  	at dagger.hilt.android.processor.internal.viewmodel.ViewModelMetadata$Companion.create$java_dagger_hilt_android_processor_internal_viewmodel_processor_lib(ViewModelMetadata.kt:66)
  	at dagger.hilt.android.processor.internal.viewmodel.ViewModelMetadata$Companion.create$java_dagger_hilt_android_processor_internal_viewmodel_processor_lib(ViewModelMetadata.kt:66)
  	at dagger.hilt.android.processor.internal.viewmodel.ViewModelProcessingStep.processEach(ViewModelProcessingStep.kt:36)
  	at dagger.hilt.android.processor.internal.viewmodel.ViewModelProcessingStep.processEach(ViewModelProcessingStep.kt:36)
  	at dagger.hilt.processor.internal.BaseProcessingStep.process(BaseProcessingStep.java:118)
  	at dagger.hilt.processor.internal.BaseProcessingStep.process(BaseProcessingStep.java:118)
  	at dagger.hilt.processor.internal.BaseProcessingStep.process(BaseProcessingStep.java:49)
  	at dagger.hilt.processor.internal.BaseProcessingStep.process(BaseProcessingStep.java:49)
  	at dagger.spi.internal.shaded.androidx.room.compiler.processing.CommonProcessorDelegate.processRound(XBasicAnnotationProcessor.kt:134)
  	at dagger.spi.internal.shaded.androidx.room.compiler.processing.CommonProcessorDelegate.processRound(XBasicAnnotationProcessor.kt:134)
  	at dagger.spi.internal.shaded.androidx.room.compiler.processing.javac.JavacBasicAnnotationProcessor.process(JavacBasicAnnotationProcessor.kt:75)
  	at dagger.spi.internal.shaded.androidx.room.compiler.processing.javac.JavacBasicAnnotationProcessor.process(JavacBasicAnnotationProcessor.kt:75)
  	at org.jetbrains.kotlin.kapt.base.incremental.IncrementalProcessor.process(incrementalProcessors.kt:88)
  	at org.jetbrains.kotlin.kapt.base.incremental.IncrementalProcessor.process(incrementalProcessors.kt:88)
  	at org.jetbrains.kotlin.kapt.base.ProcessorWrapper.process(annotationProcessing.kt:217)
  	at org.jetbrains.kotlin.kapt.base.ProcessorWrapper.process(annotationProcessing.kt:217)
  	at jdk.compiler/com.sun.tools.javac.processing.JavacProcessingEnvironment.callProcessor(JavacProcessingEnvironment.java:1021)
  	at jdk.compiler/com.sun.tools.javac.processing.JavacProcessingEnvironment.callProcessor(JavacProcessingEnvironment.java:1021)
  	at jdk.compiler/com.sun.tools.javac.processing.JavacProcessingEnvironment.discoverAndRunProcs(JavacProcessingEnvironment.java:937)
  	at jdk.compiler/com.sun.tools.javac.processing.JavacProcessingEnvironment.discoverAndRunProcs(JavacProcessingEnvironment.java:937)
  	at jdk.compiler/com.sun.tools.javac.processing.JavacProcessingEnvironment$Round.run(JavacProcessingEnvironment.java:1265)
  	at jdk.compiler/com.sun.tools.javac.processing.JavacProcessingEnvironment$Round.run(JavacProcessingEnvironment.java:1265)
  	at jdk.compiler/com.sun.tools.javac.processing.JavacProcessingEnvironment.doProcessing(JavacProcessingEnvironment.java:1380)
  	at jdk.compiler/com.sun.tools.javac.processing.JavacProcessingEnvironment.doProcessing(JavacProcessingEnvironment.java:1380)
  	at jdk.compiler/com.sun.tools.javac.main.JavaCompiler.processAnnotations(JavaCompiler.java:1272)
  	at jdk.compiler/com.sun.tools.javac.main.JavaCompiler.processAnnotations(JavaCompiler.java:1272)
  	at java.base/jdk.internal.reflect.DirectMethodHandleAccessor.invoke(DirectMethodHandleAccessor.java:103)
  	at java.base/jdk.internal.reflect.DirectMethodHandleAccessor.invoke(DirectMethodHandleAccessor.java:103)
  	at java.base/java.lang.reflect.Method.invoke(Method.java:580)
  	at java.base/java.lang.reflect.Method.invoke(Method.java:580)
  	at org.jetbrains.kotlin.kapt.base.AnnotationProcessingKt.doAnnotationProcessing(annotationProcessing.kt:98)
  	at org.jetbrains.kotlin.kapt.base.AnnotationProcessingKt.doAnnotationProcessing(annotationProcessing.kt:98)
  	at org.jetbrains.kotlin.kapt.base.AnnotationProcessingKt.doAnnotationProcessing(annotationProcessing.kt:37)
  	at org.jetbrains.kotlin.kapt.base.AnnotationProcessingKt.doAnnotationProcessing(annotationProcessing.kt:37)
  	at org.jetbrains.kotlin.kapt.base.Kapt.kapt(Kapt.kt:46)
  	at org.jetbrains.kotlin.kapt.base.Kapt.kapt(Kapt.kt:46)
  	at java.base/jdk.internal.reflect.DirectMethodHandleAccessor.invoke(DirectMethodHandleAccessor.java:103)
  	at java.base/jdk.internal.reflect.DirectMethodHandleAccessor.invoke(DirectMethodHandleAccessor.java:103)
  	at java.base/java.lang.reflect.Method.invoke(Method.java:580)
  	at java.base/java.lang.reflect.Method.invoke(Method.java:580)
  	at org.jetbrains.kotlin.gradle.internal.KaptExecution.run(KaptWithoutKotlincTask.kt:336)
  	at org.jetbrains.kotlin.gradle.internal.KaptExecution.run(KaptWithoutKotlincTask.kt:336)
  	at org.jetbrains.kotlin.gradle.internal.KaptWithoutKotlincTask$KaptExecutionWorkAction.execute(KaptWithoutKotlincTask.kt:273)
  	at org.jetbrains.kotlin.gradle.internal.KaptWithoutKotlincTask$KaptExecutionWorkAction.execute(KaptWithoutKotlincTask.kt:273)
  	at org.gradle.workers.internal.DefaultWorkerServer.execute(DefaultWorkerServer.java:68)
  	at org.gradle.workers.internal.DefaultWorkerServer.execute(DefaultWorkerServer.java:68)
  	at org.gradle.workers.internal.NoIsolationWorkerFactory$1$1.create(NoIsolationWorkerFactory.java:64)
  	at org.gradle.workers.internal.NoIsolationWorkerFactory$1$1.create(NoIsolationWorkerFactory.java:64)
  	at org.gradle.workers.internal.NoIsolationWorkerFactory$1$1.create(NoIsolationWorkerFactory.java:61)
  	at org.gradle.workers.internal.NoIsolationWorkerFactory$1$1.create(NoIsolationWorkerFactory.java:61)
  	at org.gradle.internal.classloader.ClassLoaderUtils.executeInClassloader(ClassLoaderUtils.java:102)
  	at org.gradle.internal.classloader.ClassLoaderUtils.executeInClassloader(ClassLoaderUtils.java:102)
  	at org.gradle.workers.internal.NoIsolationWorkerFactory$1.lambda$execute$0(NoIsolationWorkerFactory.java:61)
  	at org.gradle.workers.internal.NoIsolationWorkerFactory$1.lambda$execute$0(NoIsolationWorkerFactory.java:61)
  	at org.gradle.workers.internal.AbstractWorker$1.call(AbstractWorker.java:44)
  	at org.gradle.workers.internal.AbstractWorker$1.call(AbstractWorker.java:44)
  	at org.gradle.workers.internal.AbstractWorker$1.call(AbstractWorker.java:41)
  	at org.gradle.workers.internal.AbstractWorker$1.call(AbstractWorker.java:41)
  	at org.gradle.internal.operations.DefaultBuildOperationRunner$CallableBuildOperationWorker.execute(DefaultBuildOperationRunner.java:210)
  	at org.gradle.internal.operations.DefaultBuildOperationRunner$CallableBuildOperationWorker.execute(DefaultBuildOperationRunner.java:210)
  	at org.gradle.internal.operations.DefaultBuildOperationRunner$CallableBuildOperationWorker.execute(DefaultBuildOperationRunner.java:205)
  	at org.gradle.internal.operations.DefaultBuildOperationRunner$CallableBuildOperationWorker.execute(DefaultBuildOperationRunner.java:205)
  	at org.gradle.internal.operations.DefaultBuildOperationRunner$2.execute(DefaultBuildOperationRunner.java:67)
  	at org.gradle.internal.operations.DefaultBuildOperationRunner$2.execute(DefaultBuildOperationRunner.java:67)
  	at org.gradle.internal.operations.DefaultBuildOperationRunner$2.execute(DefaultBuildOperationRunner.java:60)
  	at org.gradle.internal.operations.DefaultBuildOperationRunner$2.execute(DefaultBuildOperationRunner.java:60)
  	at org.gradle.internal.operations.DefaultBuildOperationRunner.execute(DefaultBuildOperationRunner.java:167)
  	at org.gradle.internal.operations.DefaultBuildOperationRunner.execute(DefaultBuildOperationRunner.java:167)
  	at org.gradle.internal.operations.DefaultBuildOperationRunner.execute(DefaultBuildOperationRunner.java:60)
  	at org.gradle.internal.operations.DefaultBuildOperationRunner.execute(DefaultBuildOperationRunner.java:60)
  	at org.gradle.internal.operations.DefaultBuildOperationRunner.call(DefaultBuildOperationRunner.java:54)
  	at org.gradle.internal.operations.DefaultBuildOperationRunner.call(DefaultBuildOperationRunner.java:54)
  	at org.gradle.workers.internal.AbstractWorker.executeWrappedInBuildOperation(AbstractWorker.java:41)
  	at org.gradle.workers.internal.NoIsolationWorkerFactory$1.execute(NoIsolationWorkerFactory.java:58)
  	at org.gradle.workers.internal.AbstractWorker.executeWrappedInBuildOperation(AbstractWorker.java:41)
  	at org.gradle.workers.internal.DefaultWorkerExecutor.lambda$submitWork$0(DefaultWorkerExecutor.java:176)
  	at org.gradle.workers.internal.NoIsolationWorkerFactory$1.execute(NoIsolationWorkerFactory.java:58)
  	at java.base/java.util.concurrent.FutureTask.run(FutureTask.java:317)
  	at org.gradle.workers.internal.DefaultWorkerExecutor.lambda$submitWork$0(DefaultWorkerExecutor.java:176)
  	at org.gradle.internal.work.DefaultConditionalExecutionQueue$ExecutionRunner.runExecution(DefaultConditionalExecutionQueue.java:194)
  	at java.base/java.util.concurrent.FutureTask.run(FutureTask.java:317)
  	at org.gradle.internal.work.DefaultConditionalExecutionQueue$ExecutionRunner.access$700(DefaultConditionalExecutionQueue.java:127)
  	at org.gradle.internal.work.DefaultConditionalExecutionQueue$ExecutionRunner.runExecution(DefaultConditionalExecutionQueue.java:194)
  	at org.gradle.internal.work.DefaultConditionalExecutionQueue$ExecutionRunner$1.run(DefaultConditionalExecutionQueue.java:169)
  	at org.gradle.internal.work.DefaultConditionalExecutionQueue$ExecutionRunner.access$700(DefaultConditionalExecutionQueue.java:127)
  	at org.gradle.internal.Factories$1.create(Factories.java:30)
  	at org.gradle.internal.work.DefaultConditionalExecutionQueue$ExecutionRunner$1.run(DefaultConditionalExecutionQueue.java:169)
  	at org.gradle.internal.work.DefaultWorkerLeaseService.lambda$withLocksAcquired$0(DefaultWorkerLeaseService.java:275)
  	at org.gradle.internal.Factories$1.create(Factories.java:30)
  	at org.gradle.internal.work.ResourceLockStatistics$1.measure(ResourceLockStatistics.java:43)
  	at org.gradle.internal.work.DefaultWorkerLeaseService.lambda$withLocksAcquired$0(DefaultWorkerLeaseService.java:275)
  	at org.gradle.internal.work.DefaultWorkerLeaseService.withLocksAcquired(DefaultWorkerLeaseService.java:273)
  	at org.gradle.internal.work.ResourceLockStatistics$1.measure(ResourceLockStatistics.java:43)
  	at org.gradle.internal.work.DefaultWorkerLeaseService.withLocks(DefaultWorkerLeaseService.java:265)
  	at org.gradle.internal.work.DefaultWorkerLeaseService.withLocksAcquired(DefaultWorkerLeaseService.java:273)
  	at org.gradle.internal.work.DefaultWorkerLeaseService.runAsWorkerThread(DefaultWorkerLeaseService.java:128)
  	at org.gradle.internal.work.DefaultWorkerLeaseService.withLocks(DefaultWorkerLeaseService.java:265)
  	at org.gradle.internal.work.DefaultWorkerLeaseService.runAsWorkerThread(DefaultWorkerLeaseService.java:133)
  	at org.gradle.internal.work.DefaultWorkerLeaseService.runAsWorkerThread(DefaultWorkerLeaseService.java:128)
  	at org.gradle.internal.work.DefaultConditionalExecutionQueue$ExecutionRunner.runBatch(DefaultConditionalExecutionQueue.java:164)
  	at org.gradle.internal.work.DefaultWorkerLeaseService.runAsWorkerThread(DefaultWorkerLeaseService.java:133)
  	at org.gradle.internal.work.DefaultConditionalExecutionQueue$ExecutionRunner.run(DefaultConditionalExecutionQueue.java:133)
  	at org.gradle.internal.work.DefaultConditionalExecutionQueue$ExecutionRunner.runBatch(DefaultConditionalExecutionQueue.java:164)
  	at java.base/java.util.concurrent.Executors$RunnableAdapter.call(Executors.java:572)
  	at org.gradle.internal.work.DefaultConditionalExecutionQueue$ExecutionRunner.run(DefaultConditionalExecutionQueue.java:133)
  	at java.base/java.util.concurrent.FutureTask.run(FutureTask.java:317)
  	at java.base/java.util.concurrent.Executors$RunnableAdapter.call(Executors.java:572)
  	at java.base/java.util.concurrent.FutureTask.run(FutureTask.java:317)
  	at org.gradle.internal.concurrent.ExecutorPolicy$CatchAndRecordFailures.onExecute(ExecutorPolicy.java:64)
  	at org.gradle.internal.concurrent.ExecutorPolicy$CatchAndRecordFailures.onExecute(ExecutorPolicy.java:64)
  	at org.gradle.internal.concurrent.AbstractManagedExecutor$1.run(AbstractManagedExecutor.java:47)
  	at org.gradle.internal.concurrent.AbstractManagedExecutor$1.run(AbstractManagedExecutor.java:47)
  	at java.base/java.util.concurrent.ThreadPoolExecutor.runWorker(ThreadPoolExecutor.java:1144)
  	at java.base/java.util.concurrent.ThreadPoolExecutor.runWorker(ThreadPoolExecutor.java:1144)
  	at java.base/java.util.concurrent.ThreadPoolExecutor$Worker.run(ThreadPoolExecutor.java:642)
  	at java.base/java.util.concurrent.ThreadPoolExecutor$Worker.run(ThreadPoolExecutor.java:642)
  	at java.base/java.lang.Thread.run(Thread.java:1583)
  	at java.base/java.lang.Thread.run(Thread.java:1583)
  
  
  [Hilt] Processing did not complete. See error above for details.
  [Hilt] Processing did not complete. See error above for details.
error: [Hilt] Provided Metadata instance has version 2.2.0, while maximum supported version is 2.1.0. To support newer versions, update the kotlinx-metadata-jvm library.: java.lang.IllegalArgumentException: Provided Metadata instance has version 2.2.0, while maximum supported version is 2.1.0. To support newer versions, update the kotlinx-metadata-jvm library.
error: [Hilt] Provided Metadata instance has version 2.2.0, while maximum supported version is 2.1.0. To support newer versions, update the kotlinx-metadata-jvm library.: java.lang.IllegalArgumentException: Provided Metadata instance has version 2.2.0, while maximum supported version is 2.1.0. To support newer versions, update the kotlinx-metadata-jvm library.
  	at dagger.spi.internal.shaded.androidx.room.jarjarred.kotlinx.metadata.jvm.internal.JvmReadUtils.throwIfNotCompatible$kotlinx_metadata_jvm(JvmReadUtils.kt:101)
  	at dagger.spi.internal.shaded.androidx.room.jarjarred.kotlinx.metadata.jvm.internal.JvmReadUtils.throwIfNotCompatible$kotlinx_metadata_jvm(JvmReadUtils.kt:101)
  	at dagger.spi.internal.shaded.androidx.room.jarjarred.kotlinx.metadata.jvm.internal.JvmReadUtils.checkMetadataVersionForRead(JvmReadUtils.kt:90)
  	at dagger.spi.internal.shaded.androidx.room.jarjarred.kotlinx.metadata.jvm.internal.JvmReadUtils.checkMetadataVersionForRead(JvmReadUtils.kt:90)
  	at dagger.spi.internal.shaded.androidx.room.jarjarred.kotlinx.metadata.jvm.internal.JvmReadUtils.readMetadataImpl$kotlinx_metadata_jvm(JvmReadUtils.kt:47)
  	at dagger.spi.internal.shaded.androidx.room.jarjarred.kotlinx.metadata.jvm.internal.JvmReadUtils.readMetadataImpl$kotlinx_metadata_jvm(JvmReadUtils.kt:47)
  	at dagger.spi.internal.shaded.androidx.room.jarjarred.kotlinx.metadata.jvm.KotlinClassMetadata$Companion.readStrict(KotlinClassMetadata.kt:793)
  	at dagger.spi.internal.shaded.androidx.room.jarjarred.kotlinx.metadata.jvm.KotlinClassMetadata$Companion.readStrict(KotlinClassMetadata.kt:793)
  	at dagger.spi.internal.shaded.androidx.room.compiler.processing.javac.kotlin.KmClassContainer$Companion.createFor(KotlinClassMetadataUtils.kt:182)
  	at dagger.spi.internal.shaded.androidx.room.compiler.processing.javac.kotlin.KmClassContainer$Companion.createFor(KotlinClassMetadataUtils.kt:182)
  	at dagger.spi.internal.shaded.androidx.room.compiler.processing.javac.JavacTypeElement$kotlinMetadata$2.invoke(JavacTypeElement.kt:57)
  	at dagger.spi.internal.shaded.androidx.room.compiler.processing.javac.JavacTypeElement$kotlinMetadata$2.invoke(JavacTypeElement.kt:57)
  	at dagger.spi.internal.shaded.androidx.room.compiler.processing.javac.JavacTypeElement$kotlinMetadata$2.invoke(JavacTypeElement.kt:57)
  	at dagger.spi.internal.shaded.androidx.room.compiler.processing.javac.JavacTypeElement$kotlinMetadata$2.invoke(JavacTypeElement.kt:57)
  	at kotlin.SynchronizedLazyImpl.getValue(LazyJVM.kt:74)
  	at kotlin.SynchronizedLazyImpl.getValue(LazyJVM.kt:74)
  	at dagger.spi.internal.shaded.androidx.room.compiler.processing.javac.JavacTypeElement.getKotlinMetadata(JavacTypeElement.kt:57)
  	at dagger.spi.internal.shaded.androidx.room.compiler.processing.javac.JavacTypeElement.getKotlinMetadata(JavacTypeElement.kt:57)
  	at dagger.spi.internal.shaded.androidx.room.compiler.processing.javac.JavacTypeElement$type$2.invoke(JavacTypeElement.kt:215)
  	at dagger.spi.internal.shaded.androidx.room.compiler.processing.javac.JavacTypeElement$type$2.invoke(JavacTypeElement.kt:215)
  	at dagger.spi.internal.shaded.androidx.room.compiler.processing.javac.JavacTypeElement$type$2.invoke(JavacTypeElement.kt:212)
  	at dagger.spi.internal.shaded.androidx.room.compiler.processing.javac.JavacTypeElement$type$2.invoke(JavacTypeElement.kt:212)
  	at kotlin.SynchronizedLazyImpl.getValue(LazyJVM.kt:74)
  	at kotlin.SynchronizedLazyImpl.getValue(LazyJVM.kt:74)
  	at dagger.spi.internal.shaded.androidx.room.compiler.processing.javac.JavacTypeElement.getType(JavacTypeElement.kt:212)
  	at dagger.spi.internal.shaded.androidx.room.compiler.processing.javac.JavacTypeElement.getType(JavacTypeElement.kt:212)
  	at dagger.spi.internal.shaded.androidx.room.compiler.processing.javac.JavacTypeElement.getType(JavacTypeElement.kt:44)
  	at dagger.spi.internal.shaded.androidx.room.compiler.processing.javac.JavacTypeElement.getType(JavacTypeElement.kt:44)
  	at dagger.hilt.android.processor.internal.viewmodel.ViewModelMetadata$Companion.create$java_dagger_hilt_android_processor_internal_viewmodel_processor_lib(ViewModelMetadata.kt:66)
  	at dagger.hilt.android.processor.internal.viewmodel.ViewModelMetadata$Companion.create$java_dagger_hilt_android_processor_internal_viewmodel_processor_lib(ViewModelMetadata.kt:66)
  	at dagger.hilt.android.processor.internal.viewmodel.ViewModelProcessingStep.processEach(ViewModelProcessingStep.kt:36)
  	at dagger.hilt.android.processor.internal.viewmodel.ViewModelProcessingStep.processEach(ViewModelProcessingStep.kt:36)
  	at dagger.hilt.processor.internal.BaseProcessingStep.process(BaseProcessingStep.java:118)
  	at dagger.hilt.processor.internal.BaseProcessingStep.process(BaseProcessingStep.java:118)
  	at dagger.hilt.processor.internal.BaseProcessingStep.process(BaseProcessingStep.java:49)
  	at dagger.hilt.processor.internal.BaseProcessingStep.process(BaseProcessingStep.java:49)
  	at dagger.spi.internal.shaded.androidx.room.compiler.processing.CommonProcessorDelegate.processRound(XBasicAnnotationProcessor.kt:134)
  	at dagger.spi.internal.shaded.androidx.room.compiler.processing.CommonProcessorDelegate.processRound(XBasicAnnotationProcessor.kt:134)
  	at dagger.spi.internal.shaded.androidx.room.compiler.processing.javac.JavacBasicAnnotationProcessor.process(JavacBasicAnnotationProcessor.kt:75)
  	at dagger.spi.internal.shaded.androidx.room.compiler.processing.javac.JavacBasicAnnotationProcessor.process(JavacBasicAnnotationProcessor.kt:75)
  	at org.jetbrains.kotlin.kapt.base.incremental.IncrementalProcessor.process(incrementalProcessors.kt:88)
  	at org.jetbrains.kotlin.kapt.base.incremental.IncrementalProcessor.process(incrementalProcessors.kt:88)
  	at org.jetbrains.kotlin.kapt.base.ProcessorWrapper.process(annotationProcessing.kt:217)
  	at org.jetbrains.kotlin.kapt.base.ProcessorWrapper.process(annotationProcessing.kt:217)
  	at jdk.compiler/com.sun.tools.javac.processing.JavacProcessingEnvironment.callProcessor(JavacProcessingEnvironment.java:1021)
  	at jdk.compiler/com.sun.tools.javac.processing.JavacProcessingEnvironment.callProcessor(JavacProcessingEnvironment.java:1021)
  	at jdk.compiler/com.sun.tools.javac.processing.JavacProcessingEnvironment.discoverAndRunProcs(JavacProcessingEnvironment.java:937)
  	at jdk.compiler/com.sun.tools.javac.processing.JavacProcessingEnvironment.discoverAndRunProcs(JavacProcessingEnvironment.java:937)
  	at jdk.compiler/com.sun.tools.javac.processing.JavacProcessingEnvironment$Round.run(JavacProcessingEnvironment.java:1265)
  	at jdk.compiler/com.sun.tools.javac.processing.JavacProcessingEnvironment$Round.run(JavacProcessingEnvironment.java:1265)
  	at jdk.compiler/com.sun.tools.javac.processing.JavacProcessingEnvironment.doProcessing(JavacProcessingEnvironment.java:1380)
  	at jdk.compiler/com.sun.tools.javac.processing.JavacProcessingEnvironment.doProcessing(JavacProcessingEnvironment.java:1380)
  	at jdk.compiler/com.sun.tools.javac.main.JavaCompiler.processAnnotations(JavaCompiler.java:1272)
  	at jdk.compiler/com.sun.tools.javac.main.JavaCompiler.processAnnotations(JavaCompiler.java:1272)
  	at java.base/jdk.internal.reflect.DirectMethodHandleAccessor.invoke(DirectMethodHandleAccessor.java:103)
  	at java.base/jdk.internal.reflect.DirectMethodHandleAccessor.invoke(DirectMethodHandleAccessor.java:103)
  	at java.base/java.lang.reflect.Method.invoke(Method.java:580)
  	at java.base/java.lang.reflect.Method.invoke(Method.java:580)
  	at org.jetbrains.kotlin.kapt.base.AnnotationProcessingKt.doAnnotationProcessing(annotationProcessing.kt:98)
  	at org.jetbrains.kotlin.kapt.base.AnnotationProcessingKt.doAnnotationProcessing(annotationProcessing.kt:98)
  	at org.jetbrains.kotlin.kapt.base.AnnotationProcessingKt.doAnnotationProcessing(annotationProcessing.kt:37)
  	at org.jetbrains.kotlin.kapt.base.AnnotationProcessingKt.doAnnotationProcessing(annotationProcessing.kt:37)
  	at org.jetbrains.kotlin.kapt.base.Kapt.kapt(Kapt.kt:46)
  	at org.jetbrains.kotlin.kapt.base.Kapt.kapt(Kapt.kt:46)
  	at java.base/jdk.internal.reflect.DirectMethodHandleAccessor.invoke(DirectMethodHandleAccessor.java:103)
  	at java.base/jdk.internal.reflect.DirectMethodHandleAccessor.invoke(DirectMethodHandleAccessor.java:103)
  	at java.base/java.lang.reflect.Method.invoke(Method.java:580)
  	at java.base/java.lang.reflect.Method.invoke(Method.java:580)
  	at org.jetbrains.kotlin.gradle.internal.KaptExecution.run(KaptWithoutKotlincTask.kt:336)
  	at org.jetbrains.kotlin.gradle.internal.KaptExecution.run(KaptWithoutKotlincTask.kt:336)
  	at org.jetbrains.kotlin.gradle.internal.KaptWithoutKotlincTask$KaptExecutionWorkAction.execute(KaptWithoutKotlincTask.kt:273)
  	at org.jetbrains.kotlin.gradle.internal.KaptWithoutKotlincTask$KaptExecutionWorkAction.execute(KaptWithoutKotlincTask.kt:273)
  	at org.gradle.workers.internal.DefaultWorkerServer.execute(DefaultWorkerServer.java:68)
  	at org.gradle.workers.internal.DefaultWorkerServer.execute(DefaultWorkerServer.java:68)
  	at org.gradle.workers.internal.NoIsolationWorkerFactory$1$1.create(NoIsolationWorkerFactory.java:64)
  	at org.gradle.workers.internal.NoIsolationWorkerFactory$1$1.create(NoIsolationWorkerFactory.java:64)
  	at org.gradle.workers.internal.NoIsolationWorkerFactory$1$1.create(NoIsolationWorkerFactory.java:61)
  	at org.gradle.workers.internal.NoIsolationWorkerFactory$1$1.create(NoIsolationWorkerFactory.java:61)
  	at org.gradle.internal.classloader.ClassLoaderUtils.executeInClassloader(ClassLoaderUtils.java:102)
  	at org.gradle.internal.classloader.ClassLoaderUtils.executeInClassloader(ClassLoaderUtils.java:102)
  	at org.gradle.workers.internal.NoIsolationWorkerFactory$1.lambda$execute$0(NoIsolationWorkerFactory.java:61)
  	at org.gradle.workers.internal.NoIsolationWorkerFactory$1.lambda$execute$0(NoIsolationWorkerFactory.java:61)
  	at org.gradle.workers.internal.AbstractWorker$1.call(AbstractWorker.java:44)
  	at org.gradle.workers.internal.AbstractWorker$1.call(AbstractWorker.java:44)
  	at org.gradle.workers.internal.AbstractWorker$1.call(AbstractWorker.java:41)
  	at org.gradle.workers.internal.AbstractWorker$1.call(AbstractWorker.java:41)
  	at org.gradle.internal.operations.DefaultBuildOperationRunner$CallableBuildOperationWorker.execute(DefaultBuildOperationRunner.java:210)
  	at org.gradle.internal.operations.DefaultBuildOperationRunner$CallableBuildOperationWorker.execute(DefaultBuildOperationRunner.java:210)
  	at org.gradle.internal.operations.DefaultBuildOperationRunner$CallableBuildOperationWorker.execute(DefaultBuildOperationRunner.java:205)
  	at org.gradle.internal.operations.DefaultBuildOperationRunner$CallableBuildOperationWorker.execute(DefaultBuildOperationRunner.java:205)
  	at org.gradle.internal.operations.DefaultBuildOperationRunner$2.execute(DefaultBuildOperationRunner.java:67)
  	at org.gradle.internal.operations.DefaultBuildOperationRunner$2.execute(DefaultBuildOperationRunner.java:67)
  	at org.gradle.internal.operations.DefaultBuildOperationRunner$2.execute(DefaultBuildOperationRunner.java:60)
  	at org.gradle.internal.operations.DefaultBuildOperationRunner$2.execute(DefaultBuildOperationRunner.java:60)
  	at org.gradle.internal.operations.DefaultBuildOperationRunner.execute(DefaultBuildOperationRunner.java:167)
  	at org.gradle.internal.operations.DefaultBuildOperationRunner.execute(DefaultBuildOperationRunner.java:167)
  	at org.gradle.internal.operations.DefaultBuildOperationRunner.execute(DefaultBuildOperationRunner.java:60)
  	at org.gradle.internal.operations.DefaultBuildOperationRunner.execute(DefaultBuildOperationRunner.java:60)
  	at org.gradle.internal.operations.DefaultBuildOperationRunner.call(DefaultBuildOperationRunner.java:54)
  	at org.gradle.internal.operations.DefaultBuildOperationRunner.call(DefaultBuildOperationRunner.java:54)
  	at org.gradle.workers.internal.AbstractWorker.executeWrappedInBuildOperation(AbstractWorker.java:41)
  	at org.gradle.workers.internal.AbstractWorker.executeWrappedInBuildOperation(AbstractWorker.java:41)
  	at org.gradle.workers.internal.NoIsolationWorkerFactory$1.execute(NoIsolationWorkerFactory.java:58)
  	at org.gradle.workers.internal.NoIsolationWorkerFactory$1.execute(NoIsolationWorkerFactory.java:58)
  	at org.gradle.workers.internal.DefaultWorkerExecutor.lambda$submitWork$0(DefaultWorkerExecutor.java:176)
  	at org.gradle.workers.internal.DefaultWorkerExecutor.lambda$submitWork$0(DefaultWorkerExecutor.java:176)
  	at java.base/java.util.concurrent.FutureTask.run(FutureTask.java:317)
  	at org.gradle.internal.work.DefaultConditionalExecutionQueue$ExecutionRunner.runExecution(DefaultConditionalExecutionQueue.java:194)
  	at org.gradle.internal.work.DefaultConditionalExecutionQueue$ExecutionRunner.access$700(DefaultConditionalExecutionQueue.java:127)
  	at org.gradle.internal.work.DefaultConditionalExecutionQueue$ExecutionRunner$1.run(DefaultConditionalExecutionQueue.java:169)
  	at java.base/java.util.concurrent.FutureTask.run(FutureTask.java:317)
  	at org.gradle.internal.Factories$1.create(Factories.java:30)
  	at org.gradle.internal.work.DefaultConditionalExecutionQueue$ExecutionRunner.runExecution(DefaultConditionalExecutionQueue.java:194)
  	at org.gradle.internal.work.DefaultWorkerLeaseService.lambda$withLocksAcquired$0(DefaultWorkerLeaseService.java:275)
  	at org.gradle.internal.work.DefaultConditionalExecutionQueue$ExecutionRunner.access$700(DefaultConditionalExecutionQueue.java:127)
  	at org.gradle.internal.work.ResourceLockStatistics$1.measure(ResourceLockStatistics.java:43)
  	at org.gradle.internal.work.DefaultConditionalExecutionQueue$ExecutionRunner$1.run(DefaultConditionalExecutionQueue.java:169)
  	at org.gradle.internal.work.DefaultWorkerLeaseService.withLocksAcquired(DefaultWorkerLeaseService.java:273)
  	at org.gradle.internal.Factories$1.create(Factories.java:30)
  	at org.gradle.internal.work.DefaultWorkerLeaseService.withLocks(DefaultWorkerLeaseService.java:265)
  	at org.gradle.internal.work.DefaultWorkerLeaseService.lambda$withLocksAcquired$0(DefaultWorkerLeaseService.java:275)
  	at org.gradle.internal.work.DefaultWorkerLeaseService.runAsWorkerThread(DefaultWorkerLeaseService.java:128)
  	at org.gradle.internal.work.ResourceLockStatistics$1.measure(ResourceLockStatistics.java:43)
  	at org.gradle.internal.work.DefaultWorkerLeaseService.runAsWorkerThread(DefaultWorkerLeaseService.java:133)
  	at org.gradle.internal.work.DefaultWorkerLeaseService.withLocksAcquired(DefaultWorkerLeaseService.java:273)
  	at org.gradle.internal.work.DefaultConditionalExecutionQueue$ExecutionRunner.runBatch(DefaultConditionalExecutionQueue.java:164)
  	at org.gradle.internal.work.DefaultWorkerLeaseService.withLocks(DefaultWorkerLeaseService.java:265)
  	at org.gradle.internal.work.DefaultConditionalExecutionQueue$ExecutionRunner.run(DefaultConditionalExecutionQueue.java:133)
  	at org.gradle.internal.work.DefaultWorkerLeaseService.runAsWorkerThread(DefaultWorkerLeaseService.java:128)
  	at java.base/java.util.concurrent.Executors$RunnableAdapter.call(Executors.java:572)
  	at java.base/java.util.concurrent.FutureTask.run(FutureTask.java:317)
  	at org.gradle.internal.work.DefaultWorkerLeaseService.runAsWorkerThread(DefaultWorkerLeaseService.java:133)
  	at org.gradle.internal.concurrent.ExecutorPolicy$CatchAndRecordFailures.onExecute(ExecutorPolicy.java:64)
  	at org.gradle.internal.work.DefaultConditionalExecutionQueue$ExecutionRunner.runBatch(DefaultConditionalExecutionQueue.java:164)
  	at org.gradle.internal.concurrent.AbstractManagedExecutor$1.run(AbstractManagedExecutor.java:47)
  	at org.gradle.internal.work.DefaultConditionalExecutionQueue$ExecutionRunner.run(DefaultConditionalExecutionQueue.java:133)
  	at java.base/java.util.concurrent.ThreadPoolExecutor.runWorker(ThreadPoolExecutor.java:1144)
  	at java.base/java.util.concurrent.Executors$RunnableAdapter.call(Executors.java:572)
  	at java.base/java.util.concurrent.ThreadPoolExecutor$Worker.run(ThreadPoolExecutor.java:642)
  	at java.base/java.util.concurrent.FutureTask.run(FutureTask.java:317)
  	at java.base/java.lang.Thread.run(Thread.java:1583)
  	at org.gradle.internal.concurrent.ExecutorPolicy$CatchAndRecordFailures.onExecute(ExecutorPolicy.java:64)
  
  	at org.gradle.internal.concurrent.AbstractManagedExecutor$1.run(AbstractManagedExecutor.java:47)
  [Hilt] Processing did not complete. See error above for details.
  	at java.base/java.util.concurrent.ThreadPoolExecutor.runWorker(ThreadPoolExecutor.java:1144)
  	at java.base/java.util.concurrent.ThreadPoolExecutor$Worker.run(ThreadPoolExecutor.java:642)
  	at java.base/java.lang.Thread.run(Thread.java:1583)
  
  [Hilt] Processing did not complete. See error above for details.
error: [Hilt] Provided Metadata instance has version 2.2.0, while maximum supported version is 2.1.0. To support newer versions, update the kotlinx-metadata-jvm library.: java.lang.IllegalArgumentException: Provided Metadata instance has version 2.2.0, while maximum supported version is 2.1.0. To support newer versions, update the kotlinx-metadata-jvm library.
  	at dagger.spi.internal.shaded.androidx.room.jarjarred.kotlinx.metadata.jvm.internal.JvmReadUtils.throwIfNotCompatible$kotlinx_metadata_jvm(JvmReadUtils.kt:101)
  	at dagger.spi.internal.shaded.androidx.room.jarjarred.kotlinx.metadata.jvm.internal.JvmReadUtils.checkMetadataVersionForRead(JvmReadUtils.kt:90)
  	at dagger.spi.internal.shaded.androidx.room.jarjarred.kotlinx.metadata.jvm.internal.JvmReadUtils.readMetadataImpl$kotlinx_metadata_jvm(JvmReadUtils.kt:47)
  	at dagger.spi.internal.shaded.androidx.room.jarjarred.kotlinx.metadata.jvm.KotlinClassMetadata$Companion.readStrict(KotlinClassMetadata.kt:793)
  	at dagger.spi.internal.shaded.androidx.room.compiler.processing.javac.kotlin.KmClassContainer$Companion.createFor(KotlinClassMetadataUtils.kt:182)
error: [Hilt] Provided Metadata instance has version 2.2.0, while maximum supported version is 2.1.0. To support newer versions, update the kotlinx-metadata-jvm library.: java.lang.IllegalArgumentException: Provided Metadata instance has version 2.2.0, while maximum supported version is 2.1.0. To support newer versions, update the kotlinx-metadata-jvm library.
  	at dagger.spi.internal.shaded.androidx.room.compiler.processing.javac.JavacTypeElement$kotlinMetadata$2.invoke(JavacTypeElement.kt:57)
  	at dagger.spi.internal.shaded.androidx.room.jarjarred.kotlinx.metadata.jvm.internal.JvmReadUtils.throwIfNotCompatible$kotlinx_metadata_jvm(JvmReadUtils.kt:101)
  	at dagger.spi.internal.shaded.androidx.room.compiler.processing.javac.JavacTypeElement$kotlinMetadata$2.invoke(JavacTypeElement.kt:57)
  	at kotlin.SynchronizedLazyImpl.getValue(LazyJVM.kt:74)
  	at dagger.spi.internal.shaded.androidx.room.jarjarred.kotlinx.metadata.jvm.internal.JvmReadUtils.checkMetadataVersionForRead(JvmReadUtils.kt:90)
  	at dagger.spi.internal.shaded.androidx.room.compiler.processing.javac.JavacTypeElement.getKotlinMetadata(JavacTypeElement.kt:57)
  	at dagger.spi.internal.shaded.androidx.room.jarjarred.kotlinx.metadata.jvm.internal.JvmReadUtils.readMetadataImpl$kotlinx_metadata_jvm(JvmReadUtils.kt:47)
  	at dagger.spi.internal.shaded.androidx.room.compiler.processing.javac.JavacTypeElement$type$2.invoke(JavacTypeElement.kt:215)
  	at dagger.spi.internal.shaded.androidx.room.jarjarred.kotlinx.metadata.jvm.KotlinClassMetadata$Companion.readStrict(KotlinClassMetadata.kt:793)
  	at dagger.spi.internal.shaded.androidx.room.compiler.processing.javac.JavacTypeElement$type$2.invoke(JavacTypeElement.kt:212)
  	at dagger.spi.internal.shaded.androidx.room.compiler.processing.javac.kotlin.KmClassContainer$Companion.createFor(KotlinClassMetadataUtils.kt:182)
  	at kotlin.SynchronizedLazyImpl.getValue(LazyJVM.kt:74)
  	at dagger.spi.internal.shaded.androidx.room.compiler.processing.javac.JavacTypeElement$kotlinMetadata$2.invoke(JavacTypeElement.kt:57)
  	at dagger.spi.internal.shaded.androidx.room.compiler.processing.javac.JavacTypeElement$kotlinMetadata$2.invoke(JavacTypeElement.kt:57)
  	at dagger.spi.internal.shaded.androidx.room.compiler.processing.javac.JavacTypeElement.getType(JavacTypeElement.kt:212)
  	at kotlin.SynchronizedLazyImpl.getValue(LazyJVM.kt:74)
  	at dagger.spi.internal.shaded.androidx.room.compiler.processing.javac.JavacTypeElement.getType(JavacTypeElement.kt:44)
  	at dagger.spi.internal.shaded.androidx.room.compiler.processing.javac.JavacTypeElement.getKotlinMetadata(JavacTypeElement.kt:57)
  	at dagger.hilt.android.processor.internal.viewmodel.ViewModelMetadata$Companion.create$java_dagger_hilt_android_processor_internal_viewmodel_processor_lib(ViewModelMetadata.kt:66)
  	at dagger.spi.internal.shaded.androidx.room.compiler.processing.javac.JavacTypeElement$type$2.invoke(JavacTypeElement.kt:215)
  	at dagger.hilt.android.processor.internal.viewmodel.ViewModelProcessingStep.processEach(ViewModelProcessingStep.kt:36)
  	at dagger.spi.internal.shaded.androidx.room.compiler.processing.javac.JavacTypeElement$type$2.invoke(JavacTypeElement.kt:212)
  	at dagger.hilt.processor.internal.BaseProcessingStep.process(BaseProcessingStep.java:118)
  	at kotlin.SynchronizedLazyImpl.getValue(LazyJVM.kt:74)
  	at dagger.hilt.processor.internal.BaseProcessingStep.process(BaseProcessingStep.java:49)
  	at dagger.spi.internal.shaded.androidx.room.compiler.processing.javac.JavacTypeElement.getType(JavacTypeElement.kt:212)
  	at dagger.spi.internal.shaded.androidx.room.compiler.processing.CommonProcessorDelegate.processRound(XBasicAnnotationProcessor.kt:134)
  	at dagger.spi.internal.shaded.androidx.room.compiler.processing.javac.JavacTypeElement.getType(JavacTypeElement.kt:44)
  	at dagger.spi.internal.shaded.androidx.room.compiler.processing.javac.JavacBasicAnnotationProcessor.process(JavacBasicAnnotationProcessor.kt:75)
  	at dagger.hilt.android.processor.internal.viewmodel.ViewModelMetadata$Companion.create$java_dagger_hilt_android_processor_internal_viewmodel_processor_lib(ViewModelMetadata.kt:66)
  	at org.jetbrains.kotlin.kapt.base.incremental.IncrementalProcessor.process(incrementalProcessors.kt:88)
  	at dagger.hilt.android.processor.internal.viewmodel.ViewModelProcessingStep.processEach(ViewModelProcessingStep.kt:36)
  	at org.jetbrains.kotlin.kapt.base.ProcessorWrapper.process(annotationProcessing.kt:217)
  	at dagger.hilt.processor.internal.BaseProcessingStep.process(BaseProcessingStep.java:118)
  	at jdk.compiler/com.sun.tools.javac.processing.JavacProcessingEnvironment.callProcessor(JavacProcessingEnvironment.java:1021)
  	at dagger.hilt.processor.internal.BaseProcessingStep.process(BaseProcessingStep.java:49)
  	at jdk.compiler/com.sun.tools.javac.processing.JavacProcessingEnvironment.discoverAndRunProcs(JavacProcessingEnvironment.java:937)
  	at dagger.spi.internal.shaded.androidx.room.compiler.processing.CommonProcessorDelegate.processRound(XBasicAnnotationProcessor.kt:134)
  	at jdk.compiler/com.sun.tools.javac.processing.JavacProcessingEnvironment$Round.run(JavacProcessingEnvironment.java:1265)
  	at dagger.spi.internal.shaded.androidx.room.compiler.processing.javac.JavacBasicAnnotationProcessor.process(JavacBasicAnnotationProcessor.kt:75)
  	at org.jetbrains.kotlin.kapt.base.incremental.IncrementalProcessor.process(incrementalProcessors.kt:88)
  	at jdk.compiler/com.sun.tools.javac.processing.JavacProcessingEnvironment.doProcessing(JavacProcessingEnvironment.java:1380)
  	at org.jetbrains.kotlin.kapt.base.ProcessorWrapper.process(annotationProcessing.kt:217)
  	at jdk.compiler/com.sun.tools.javac.main.JavaCompiler.processAnnotations(JavaCompiler.java:1272)
  	at jdk.compiler/com.sun.tools.javac.processing.JavacProcessingEnvironment.callProcessor(JavacProcessingEnvironment.java:1021)
  	at java.base/jdk.internal.reflect.DirectMethodHandleAccessor.invoke(DirectMethodHandleAccessor.java:103)
  	at jdk.compiler/com.sun.tools.javac.processing.JavacProcessingEnvironment.discoverAndRunProcs(JavacProcessingEnvironment.java:937)
  	at java.base/java.lang.reflect.Method.invoke(Method.java:580)
  	at jdk.compiler/com.sun.tools.javac.processing.JavacProcessingEnvironment$Round.run(JavacProcessingEnvironment.java:1265)
  	at jdk.compiler/com.sun.tools.javac.processing.JavacProcessingEnvironment.doProcessing(JavacProcessingEnvironment.java:1380)
  	at org.jetbrains.kotlin.kapt.base.AnnotationProcessingKt.doAnnotationProcessing(annotationProcessing.kt:98)
  	at jdk.compiler/com.sun.tools.javac.main.JavaCompiler.processAnnotations(JavaCompiler.java:1272)
  	at org.jetbrains.kotlin.kapt.base.AnnotationProcessingKt.doAnnotationProcessing(annotationProcessing.kt:37)
  	at java.base/jdk.internal.reflect.DirectMethodHandleAccessor.invoke(DirectMethodHandleAccessor.java:103)
  	at org.jetbrains.kotlin.kapt.base.Kapt.kapt(Kapt.kt:46)
  	at java.base/java.lang.reflect.Method.invoke(Method.java:580)
  	at java.base/jdk.internal.reflect.DirectMethodHandleAccessor.invoke(DirectMethodHandleAccessor.java:103)
  	at org.jetbrains.kotlin.kapt.base.AnnotationProcessingKt.doAnnotationProcessing(annotationProcessing.kt:98)
  	at java.base/java.lang.reflect.Method.invoke(Method.java:580)
  	at org.jetbrains.kotlin.kapt.base.AnnotationProcessingKt.doAnnotationProcessing(annotationProcessing.kt:37)
  	at org.jetbrains.kotlin.gradle.internal.KaptExecution.run(KaptWithoutKotlincTask.kt:336)
  	at org.jetbrains.kotlin.kapt.base.Kapt.kapt(Kapt.kt:46)
  	at org.jetbrains.kotlin.gradle.internal.KaptWithoutKotlincTask$KaptExecutionWorkAction.execute(KaptWithoutKotlincTask.kt:273)
  	at java.base/jdk.internal.reflect.DirectMethodHandleAccessor.invoke(DirectMethodHandleAccessor.java:103)
  	at java.base/java.lang.reflect.Method.invoke(Method.java:580)
  	at org.gradle.workers.internal.DefaultWorkerServer.execute(DefaultWorkerServer.java:68)
  	at org.jetbrains.kotlin.gradle.internal.KaptExecution.run(KaptWithoutKotlincTask.kt:336)
  	at org.gradle.workers.internal.NoIsolationWorkerFactory$1$1.create(NoIsolationWorkerFactory.java:64)
  	at org.gradle.workers.internal.NoIsolationWorkerFactory$1$1.create(NoIsolationWorkerFactory.java:61)
  	at org.jetbrains.kotlin.gradle.internal.KaptWithoutKotlincTask$KaptExecutionWorkAction.execute(KaptWithoutKotlincTask.kt:273)
  	at org.gradle.internal.classloader.ClassLoaderUtils.executeInClassloader(ClassLoaderUtils.java:102)
  	at org.gradle.workers.internal.DefaultWorkerServer.execute(DefaultWorkerServer.java:68)
  	at org.gradle.workers.internal.NoIsolationWorkerFactory$1.lambda$execute$0(NoIsolationWorkerFactory.java:61)
  	at org.gradle.workers.internal.NoIsolationWorkerFactory$1$1.create(NoIsolationWorkerFactory.java:64)
  	at org.gradle.workers.internal.AbstractWorker$1.call(AbstractWorker.java:44)
  	at org.gradle.workers.internal.NoIsolationWorkerFactory$1$1.create(NoIsolationWorkerFactory.java:61)
  	at org.gradle.workers.internal.AbstractWorker$1.call(AbstractWorker.java:41)
  	at org.gradle.internal.classloader.ClassLoaderUtils.executeInClassloader(ClassLoaderUtils.java:102)
  	at org.gradle.internal.operations.DefaultBuildOperationRunner$CallableBuildOperationWorker.execute(DefaultBuildOperationRunner.java:210)
  	at org.gradle.workers.internal.NoIsolationWorkerFactory$1.lambda$execute$0(NoIsolationWorkerFactory.java:61)
  	at org.gradle.internal.operations.DefaultBuildOperationRunner$CallableBuildOperationWorker.execute(DefaultBuildOperationRunner.java:205)
  	at org.gradle.workers.internal.AbstractWorker$1.call(AbstractWorker.java:44)
  	at org.gradle.internal.operations.DefaultBuildOperationRunner$2.execute(DefaultBuildOperationRunner.java:67)
  	at org.gradle.workers.internal.AbstractWorker$1.call(AbstractWorker.java:41)
  	at org.gradle.internal.operations.DefaultBuildOperationRunner$2.execute(DefaultBuildOperationRunner.java:60)
  	at org.gradle.internal.operations.DefaultBuildOperationRunner$CallableBuildOperationWorker.execute(DefaultBuildOperationRunner.java:210)
  	at org.gradle.internal.operations.DefaultBuildOperationRunner.execute(DefaultBuildOperationRunner.java:167)
  	at org.gradle.internal.operations.DefaultBuildOperationRunner$CallableBuildOperationWorker.execute(DefaultBuildOperationRunner.java:205)
  	at org.gradle.internal.operations.DefaultBuildOperationRunner.execute(DefaultBuildOperationRunner.java:60)
  	at org.gradle.internal.operations.DefaultBuildOperationRunner$2.execute(DefaultBuildOperationRunner.java:67)
  	at org.gradle.internal.operations.DefaultBuildOperationRunner.call(DefaultBuildOperationRunner.java:54)
  	at org.gradle.internal.operations.DefaultBuildOperationRunner$2.execute(DefaultBuildOperationRunner.java:60)
  	at org.gradle.workers.internal.AbstractWorker.executeWrappedInBuildOperation(AbstractWorker.java:41)
  	at org.gradle.internal.operations.DefaultBuildOperationRunner.execute(DefaultBuildOperationRunner.java:167)
  	at org.gradle.workers.internal.NoIsolationWorkerFactory$1.execute(NoIsolationWorkerFactory.java:58)
  	at org.gradle.internal.operations.DefaultBuildOperationRunner.execute(DefaultBuildOperationRunner.java:60)
  	at org.gradle.workers.internal.DefaultWorkerExecutor.lambda$submitWork$0(DefaultWorkerExecutor.java:176)
  	at org.gradle.internal.operations.DefaultBuildOperationRunner.call(DefaultBuildOperationRunner.java:54)
  	at java.base/java.util.concurrent.FutureTask.run(FutureTask.java:317)
  	at org.gradle.workers.internal.AbstractWorker.executeWrappedInBuildOperation(AbstractWorker.java:41)
  	at org.gradle.internal.work.DefaultConditionalExecutionQueue$ExecutionRunner.runExecution(DefaultConditionalExecutionQueue.java:194)
  	at org.gradle.workers.internal.NoIsolationWorkerFactory$1.execute(NoIsolationWorkerFactory.java:58)
  	at org.gradle.internal.work.DefaultConditionalExecutionQueue$ExecutionRunner.access$700(DefaultConditionalExecutionQueue.java:127)
  	at org.gradle.workers.internal.DefaultWorkerExecutor.lambda$submitWork$0(DefaultWorkerExecutor.java:176)
  	at org.gradle.internal.work.DefaultConditionalExecutionQueue$ExecutionRunner$1.run(DefaultConditionalExecutionQueue.java:169)
  	at java.base/java.util.concurrent.FutureTask.run(FutureTask.java:317)
  	at org.gradle.internal.Factories$1.create(Factories.java:30)
  	at org.gradle.internal.work.DefaultConditionalExecutionQueue$ExecutionRunner.runExecution(DefaultConditionalExecutionQueue.java:194)
  	at org.gradle.internal.work.DefaultWorkerLeaseService.lambda$withLocksAcquired$0(DefaultWorkerLeaseService.java:275)
  	at org.gradle.internal.work.DefaultConditionalExecutionQueue$ExecutionRunner.access$700(DefaultConditionalExecutionQueue.java:127)
  	at org.gradle.internal.work.ResourceLockStatistics$1.measure(ResourceLockStatistics.java:43)
  	at org.gradle.internal.work.DefaultConditionalExecutionQueue$ExecutionRunner$1.run(DefaultConditionalExecutionQueue.java:169)
  	at org.gradle.internal.work.DefaultWorkerLeaseService.withLocksAcquired(DefaultWorkerLeaseService.java:273)
  	at org.gradle.internal.Factories$1.create(Factories.java:30)
  	at org.gradle.internal.work.DefaultWorkerLeaseService.withLocks(DefaultWorkerLeaseService.java:265)
  	at org.gradle.internal.work.DefaultWorkerLeaseService.lambda$withLocksAcquired$0(DefaultWorkerLeaseService.java:275)
  	at org.gradle.internal.work.DefaultWorkerLeaseService.runAsWorkerThread(DefaultWorkerLeaseService.java:128)
  	at org.gradle.internal.work.ResourceLockStatistics$1.measure(ResourceLockStatistics.java:43)
  	at org.gradle.internal.work.DefaultWorkerLeaseService.runAsWorkerThread(DefaultWorkerLeaseService.java:133)
  	at org.gradle.internal.work.DefaultWorkerLeaseService.withLocksAcquired(DefaultWorkerLeaseService.java:273)
  	at org.gradle.internal.work.DefaultConditionalExecutionQueue$ExecutionRunner.runBatch(DefaultConditionalExecutionQueue.java:164)
  	at org.gradle.internal.work.DefaultWorkerLeaseService.withLocks(DefaultWorkerLeaseService.java:265)
  	at org.gradle.internal.work.DefaultConditionalExecutionQueue$ExecutionRunner.run(DefaultConditionalExecutionQueue.java:133)
  	at org.gradle.internal.work.DefaultWorkerLeaseService.runAsWorkerThread(DefaultWorkerLeaseService.java:128)
  	at java.base/java.util.concurrent.Executors$RunnableAdapter.call(Executors.java:572)
  	at org.gradle.internal.work.DefaultWorkerLeaseService.runAsWorkerThread(DefaultWorkerLeaseService.java:133)
  	at java.base/java.util.concurrent.FutureTask.run(FutureTask.java:317)
  	at org.gradle.internal.work.DefaultConditionalExecutionQueue$ExecutionRunner.runBatch(DefaultConditionalExecutionQueue.java:164)
  	at org.gradle.internal.concurrent.ExecutorPolicy$CatchAndRecordFailures.onExecute(ExecutorPolicy.java:64)
  	at org.gradle.internal.work.DefaultConditionalExecutionQueue$ExecutionRunner.run(DefaultConditionalExecutionQueue.java:133)
  	at org.gradle.internal.concurrent.AbstractManagedExecutor$1.run(AbstractManagedExecutor.java:47)
  	at java.base/java.util.concurrent.Executors$RunnableAdapter.call(Executors.java:572)
  	at java.base/java.util.concurrent.ThreadPoolExecutor.runWorker(ThreadPoolExecutor.java:1144)
  	at java.base/java.util.concurrent.FutureTask.run(FutureTask.java:317)
  	at java.base/java.util.concurrent.ThreadPoolExecutor$Worker.run(ThreadPoolExecutor.java:642)
  	at org.gradle.internal.concurrent.ExecutorPolicy$CatchAndRecordFailures.onExecute(ExecutorPolicy.java:64)
  	at java.base/java.lang.Thread.run(Thread.java:1583)
  	at org.gradle.internal.concurrent.AbstractManagedExecutor$1.run(AbstractManagedExecutor.java:47)
  
  	at java.base/java.util.concurrent.ThreadPoolExecutor.runWorker(ThreadPoolExecutor.java:1144)
  [Hilt] Processing did not complete. See error above for details.
  	at java.base/java.util.concurrent.ThreadPoolExecutor$Worker.run(ThreadPoolExecutor.java:642)
  	at java.base/java.lang.Thread.run(Thread.java:1583)
  
  [Hilt] Processing did not complete. See error above for details.
error: [Hilt] Provided Metadata instance has version 2.2.0, while maximum supported version is 2.1.0. To support newer versions, update the kotlinx-metadata-jvm library.: java.lang.IllegalArgumentException: Provided Metadata instance has version 2.2.0, while maximum supported version is 2.1.0. To support newer versions, update the kotlinx-metadata-jvm library.
error: [Hilt] Provided Metadata instance has version 2.2.0, while maximum supported version is 2.1.0. To support newer versions, update the kotlinx-metadata-jvm library.: java.lang.IllegalArgumentException: Provided Metadata instance has version 2.2.0, while maximum supported version is 2.1.0. To support newer versions, update the kotlinx-metadata-jvm library.
  	at dagger.spi.internal.shaded.androidx.room.jarjarred.kotlinx.metadata.jvm.internal.JvmReadUtils.throwIfNotCompatible$kotlinx_metadata_jvm(JvmReadUtils.kt:101)
  	at dagger.spi.internal.shaded.androidx.room.jarjarred.kotlinx.metadata.jvm.internal.JvmReadUtils.throwIfNotCompatible$kotlinx_metadata_jvm(JvmReadUtils.kt:101)
  	at dagger.spi.internal.shaded.androidx.room.jarjarred.kotlinx.metadata.jvm.internal.JvmReadUtils.checkMetadataVersionForRead(JvmReadUtils.kt:90)
  	at dagger.spi.internal.shaded.androidx.room.jarjarred.kotlinx.metadata.jvm.internal.JvmReadUtils.checkMetadataVersionForRead(JvmReadUtils.kt:90)
  	at dagger.spi.internal.shaded.androidx.room.jarjarred.kotlinx.metadata.jvm.internal.JvmReadUtils.readMetadataImpl$kotlinx_metadata_jvm(JvmReadUtils.kt:47)
  	at dagger.spi.internal.shaded.androidx.room.jarjarred.kotlinx.metadata.jvm.internal.JvmReadUtils.readMetadataImpl$kotlinx_metadata_jvm(JvmReadUtils.kt:47)
  	at dagger.spi.internal.shaded.androidx.room.jarjarred.kotlinx.metadata.jvm.KotlinClassMetadata$Companion.readStrict(KotlinClassMetadata.kt:793)
  	at dagger.spi.internal.shaded.androidx.room.jarjarred.kotlinx.metadata.jvm.KotlinClassMetadata$Companion.readStrict(KotlinClassMetadata.kt:793)
  	at dagger.spi.internal.shaded.androidx.room.compiler.processing.javac.kotlin.KmClassContainer$Companion.createFor(KotlinClassMetadataUtils.kt:182)
  	at dagger.spi.internal.shaded.androidx.room.compiler.processing.javac.kotlin.KmClassContainer$Companion.createFor(KotlinClassMetadataUtils.kt:182)
  	at dagger.spi.internal.shaded.androidx.room.compiler.processing.javac.JavacTypeElement$kotlinMetadata$2.invoke(JavacTypeElement.kt:57)
  	at dagger.spi.internal.shaded.androidx.room.compiler.processing.javac.JavacTypeElement$kotlinMetadata$2.invoke(JavacTypeElement.kt:57)
  	at dagger.spi.internal.shaded.androidx.room.compiler.processing.javac.JavacTypeElement$kotlinMetadata$2.invoke(JavacTypeElement.kt:57)
  	at dagger.spi.internal.shaded.androidx.room.compiler.processing.javac.JavacTypeElement$kotlinMetadata$2.invoke(JavacTypeElement.kt:57)
  	at kotlin.SynchronizedLazyImpl.getValue(LazyJVM.kt:74)
  	at kotlin.SynchronizedLazyImpl.getValue(LazyJVM.kt:74)
  	at dagger.spi.internal.shaded.androidx.room.compiler.processing.javac.JavacTypeElement.getKotlinMetadata(JavacTypeElement.kt:57)
  	at dagger.spi.internal.shaded.androidx.room.compiler.processing.javac.JavacTypeElement.getKotlinMetadata(JavacTypeElement.kt:57)
  	at dagger.spi.internal.shaded.androidx.room.compiler.processing.javac.JavacTypeElement.isInterface(JavacTypeElement.kt:141)
  	at dagger.spi.internal.shaded.androidx.room.compiler.processing.javac.JavacTypeElement.isInterface(JavacTypeElement.kt:141)
  	at dagger.hilt.processor.internal.aggregateddeps.AggregatedDepsProcessingStep.processEntryPoint(AggregatedDepsProcessingStep.java:296)
  	at dagger.hilt.processor.internal.aggregateddeps.AggregatedDepsProcessingStep.processEntryPoint(AggregatedDepsProcessingStep.java:296)
  	at dagger.hilt.processor.internal.aggregateddeps.AggregatedDepsProcessingStep.processEach(AggregatedDepsProcessingStep.java:109)
  	at dagger.hilt.processor.internal.aggregateddeps.AggregatedDepsProcessingStep.processEach(AggregatedDepsProcessingStep.java:109)
  	at dagger.hilt.processor.internal.BaseProcessingStep.process(BaseProcessingStep.java:118)
  	at dagger.hilt.processor.internal.BaseProcessingStep.process(BaseProcessingStep.java:118)
  	at dagger.hilt.processor.internal.aggregateddeps.AggregatedDepsProcessingStep.process(AggregatedDepsProcessingStep.java:46)
  	at dagger.hilt.processor.internal.aggregateddeps.AggregatedDepsProcessingStep.process(AggregatedDepsProcessingStep.java:46)
  	at dagger.spi.internal.shaded.androidx.room.compiler.processing.CommonProcessorDelegate.processRound(XBasicAnnotationProcessor.kt:134)
  	at dagger.spi.internal.shaded.androidx.room.compiler.processing.CommonProcessorDelegate.processRound(XBasicAnnotationProcessor.kt:134)
  	at dagger.spi.internal.shaded.androidx.room.compiler.processing.javac.JavacBasicAnnotationProcessor.process(JavacBasicAnnotationProcessor.kt:75)
  	at dagger.spi.internal.shaded.androidx.room.compiler.processing.javac.JavacBasicAnnotationProcessor.process(JavacBasicAnnotationProcessor.kt:75)
  	at org.jetbrains.kotlin.kapt.base.incremental.IncrementalProcessor.process(incrementalProcessors.kt:88)
  	at org.jetbrains.kotlin.kapt.base.incremental.IncrementalProcessor.process(incrementalProcessors.kt:88)
  	at org.jetbrains.kotlin.kapt.base.ProcessorWrapper.process(annotationProcessing.kt:217)
  	at org.jetbrains.kotlin.kapt.base.ProcessorWrapper.process(annotationProcessing.kt:217)
  	at jdk.compiler/com.sun.tools.javac.processing.JavacProcessingEnvironment.callProcessor(JavacProcessingEnvironment.java:1021)
  	at jdk.compiler/com.sun.tools.javac.processing.JavacProcessingEnvironment.callProcessor(JavacProcessingEnvironment.java:1021)
  	at jdk.compiler/com.sun.tools.javac.processing.JavacProcessingEnvironment.discoverAndRunProcs(JavacProcessingEnvironment.java:937)
  	at jdk.compiler/com.sun.tools.javac.processing.JavacProcessingEnvironment.discoverAndRunProcs(JavacProcessingEnvironment.java:937)
  	at jdk.compiler/com.sun.tools.javac.processing.JavacProcessingEnvironment$Round.run(JavacProcessingEnvironment.java:1265)
  	at jdk.compiler/com.sun.tools.javac.processing.JavacProcessingEnvironment$Round.run(JavacProcessingEnvironment.java:1265)
  	at jdk.compiler/com.sun.tools.javac.processing.JavacProcessingEnvironment.doProcessing(JavacProcessingEnvironment.java:1380)
  	at jdk.compiler/com.sun.tools.javac.processing.JavacProcessingEnvironment.doProcessing(JavacProcessingEnvironment.java:1380)
  	at jdk.compiler/com.sun.tools.javac.main.JavaCompiler.processAnnotations(JavaCompiler.java:1272)
  	at jdk.compiler/com.sun.tools.javac.main.JavaCompiler.processAnnotations(JavaCompiler.java:1272)
  	at java.base/jdk.internal.reflect.DirectMethodHandleAccessor.invoke(DirectMethodHandleAccessor.java:103)
  	at java.base/java.lang.reflect.Method.invoke(Method.java:580)
  	at java.base/jdk.internal.reflect.DirectMethodHandleAccessor.invoke(DirectMethodHandleAccessor.java:103)
  	at org.jetbrains.kotlin.kapt.base.AnnotationProcessingKt.doAnnotationProcessing(annotationProcessing.kt:98)
  	at java.base/java.lang.reflect.Method.invoke(Method.java:580)
  	at org.jetbrains.kotlin.kapt.base.AnnotationProcessingKt.doAnnotationProcessing(annotationProcessing.kt:37)
  	at org.jetbrains.kotlin.kapt.base.AnnotationProcessingKt.doAnnotationProcessing(annotationProcessing.kt:98)
  	at org.jetbrains.kotlin.kapt.base.Kapt.kapt(Kapt.kt:46)
  	at java.base/jdk.internal.reflect.DirectMethodHandleAccessor.invoke(DirectMethodHandleAccessor.java:103)
  	at org.jetbrains.kotlin.kapt.base.AnnotationProcessingKt.doAnnotationProcessing(annotationProcessing.kt:37)
  	at java.base/java.lang.reflect.Method.invoke(Method.java:580)
  	at org.jetbrains.kotlin.kapt.base.Kapt.kapt(Kapt.kt:46)
  	at org.jetbrains.kotlin.gradle.internal.KaptExecution.run(KaptWithoutKotlincTask.kt:336)
  	at java.base/jdk.internal.reflect.DirectMethodHandleAccessor.invoke(DirectMethodHandleAccessor.java:103)
  	at org.jetbrains.kotlin.gradle.internal.KaptWithoutKotlincTask$KaptExecutionWorkAction.execute(KaptWithoutKotlincTask.kt:273)
  	at java.base/java.lang.reflect.Method.invoke(Method.java:580)
  	at org.gradle.workers.internal.DefaultWorkerServer.execute(DefaultWorkerServer.java:68)
  	at org.jetbrains.kotlin.gradle.internal.KaptExecution.run(KaptWithoutKotlincTask.kt:336)
  	at org.gradle.workers.internal.NoIsolationWorkerFactory$1$1.create(NoIsolationWorkerFactory.java:64)
  	at org.jetbrains.kotlin.gradle.internal.KaptWithoutKotlincTask$KaptExecutionWorkAction.execute(KaptWithoutKotlincTask.kt:273)
  	at org.gradle.workers.internal.DefaultWorkerServer.execute(DefaultWorkerServer.java:68)
  	at org.gradle.workers.internal.NoIsolationWorkerFactory$1$1.create(NoIsolationWorkerFactory.java:64)
  	at org.gradle.workers.internal.NoIsolationWorkerFactory$1$1.create(NoIsolationWorkerFactory.java:61)
  	at org.gradle.workers.internal.NoIsolationWorkerFactory$1$1.create(NoIsolationWorkerFactory.java:61)
  	at org.gradle.internal.classloader.ClassLoaderUtils.executeInClassloader(ClassLoaderUtils.java:102)
  	at org.gradle.internal.classloader.ClassLoaderUtils.executeInClassloader(ClassLoaderUtils.java:102)
  	at org.gradle.workers.internal.NoIsolationWorkerFactory$1.lambda$execute$0(NoIsolationWorkerFactory.java:61)
  	at org.gradle.workers.internal.NoIsolationWorkerFactory$1.lambda$execute$0(NoIsolationWorkerFactory.java:61)
  	at org.gradle.workers.internal.AbstractWorker$1.call(AbstractWorker.java:44)
  	at org.gradle.workers.internal.AbstractWorker$1.call(AbstractWorker.java:44)
  	at org.gradle.workers.internal.AbstractWorker$1.call(AbstractWorker.java:41)
  	at org.gradle.workers.internal.AbstractWorker$1.call(AbstractWorker.java:41)
  	at org.gradle.internal.operations.DefaultBuildOperationRunner$CallableBuildOperationWorker.execute(DefaultBuildOperationRunner.java:210)
  	at org.gradle.internal.operations.DefaultBuildOperationRunner$CallableBuildOperationWorker.execute(DefaultBuildOperationRunner.java:210)
  	at org.gradle.internal.operations.DefaultBuildOperationRunner$CallableBuildOperationWorker.execute(DefaultBuildOperationRunner.java:205)
  	at org.gradle.internal.operations.DefaultBuildOperationRunner$CallableBuildOperationWorker.execute(DefaultBuildOperationRunner.java:205)
  	at org.gradle.internal.operations.DefaultBuildOperationRunner$2.execute(DefaultBuildOperationRunner.java:67)
  	at org.gradle.internal.operations.DefaultBuildOperationRunner$2.execute(DefaultBuildOperationRunner.java:67)
  	at org.gradle.internal.operations.DefaultBuildOperationRunner$2.execute(DefaultBuildOperationRunner.java:60)
  	at org.gradle.internal.operations.DefaultBuildOperationRunner$2.execute(DefaultBuildOperationRunner.java:60)
  	at org.gradle.internal.operations.DefaultBuildOperationRunner.execute(DefaultBuildOperationRunner.java:167)
  	at org.gradle.internal.operations.DefaultBuildOperationRunner.execute(DefaultBuildOperationRunner.java:167)
  	at org.gradle.internal.operations.DefaultBuildOperationRunner.execute(DefaultBuildOperationRunner.java:60)
  	at org.gradle.internal.operations.DefaultBuildOperationRunner.execute(DefaultBuildOperationRunner.java:60)
  	at org.gradle.internal.operations.DefaultBuildOperationRunner.call(DefaultBuildOperationRunner.java:54)
  	at org.gradle.internal.operations.DefaultBuildOperationRunner.call(DefaultBuildOperationRunner.java:54)
  	at org.gradle.workers.internal.AbstractWorker.executeWrappedInBuildOperation(AbstractWorker.java:41)
  	at org.gradle.workers.internal.AbstractWorker.executeWrappedInBuildOperation(AbstractWorker.java:41)
  	at org.gradle.workers.internal.NoIsolationWorkerFactory$1.execute(NoIsolationWorkerFactory.java:58)
  	at org.gradle.workers.internal.NoIsolationWorkerFactory$1.execute(NoIsolationWorkerFactory.java:58)
  	at org.gradle.workers.internal.DefaultWorkerExecutor.lambda$submitWork$0(DefaultWorkerExecutor.java:176)
  	at org.gradle.workers.internal.DefaultWorkerExecutor.lambda$submitWork$0(DefaultWorkerExecutor.java:176)
  	at java.base/java.util.concurrent.FutureTask.run(FutureTask.java:317)
  	at java.base/java.util.concurrent.FutureTask.run(FutureTask.java:317)
  	at org.gradle.internal.work.DefaultConditionalExecutionQueue$ExecutionRunner.runExecution(DefaultConditionalExecutionQueue.java:194)
  	at org.gradle.internal.work.DefaultConditionalExecutionQueue$ExecutionRunner.runExecution(DefaultConditionalExecutionQueue.java:194)
  	at org.gradle.internal.work.DefaultConditionalExecutionQueue$ExecutionRunner.access$700(DefaultConditionalExecutionQueue.java:127)
  	at org.gradle.internal.work.DefaultConditionalExecutionQueue$ExecutionRunner.access$700(DefaultConditionalExecutionQueue.java:127)
  	at org.gradle.internal.work.DefaultConditionalExecutionQueue$ExecutionRunner$1.run(DefaultConditionalExecutionQueue.java:169)
  	at org.gradle.internal.work.DefaultConditionalExecutionQueue$ExecutionRunner$1.run(DefaultConditionalExecutionQueue.java:169)
  	at org.gradle.internal.Factories$1.create(Factories.java:30)
  	at org.gradle.internal.Factories$1.create(Factories.java:30)
  	at org.gradle.internal.work.DefaultWorkerLeaseService.lambda$withLocksAcquired$0(DefaultWorkerLeaseService.java:275)
  	at org.gradle.internal.work.DefaultWorkerLeaseService.lambda$withLocksAcquired$0(DefaultWorkerLeaseService.java:275)
  	at org.gradle.internal.work.ResourceLockStatistics$1.measure(ResourceLockStatistics.java:43)
  	at org.gradle.internal.work.ResourceLockStatistics$1.measure(ResourceLockStatistics.java:43)
  	at org.gradle.internal.work.DefaultWorkerLeaseService.withLocksAcquired(DefaultWorkerLeaseService.java:273)
  	at org.gradle.internal.work.DefaultWorkerLeaseService.withLocksAcquired(DefaultWorkerLeaseService.java:273)
  	at org.gradle.internal.work.DefaultWorkerLeaseService.withLocks(DefaultWorkerLeaseService.java:265)
  	at org.gradle.internal.work.DefaultWorkerLeaseService.withLocks(DefaultWorkerLeaseService.java:265)
  	at org.gradle.internal.work.DefaultWorkerLeaseService.runAsWorkerThread(DefaultWorkerLeaseService.java:128)
  	at org.gradle.internal.work.DefaultWorkerLeaseService.runAsWorkerThread(DefaultWorkerLeaseService.java:128)
  	at org.gradle.internal.work.DefaultWorkerLeaseService.runAsWorkerThread(DefaultWorkerLeaseService.java:133)
  	at org.gradle.internal.work.DefaultWorkerLeaseService.runAsWorkerThread(DefaultWorkerLeaseService.java:133)
  	at org.gradle.internal.work.DefaultConditionalExecutionQueue$ExecutionRunner.runBatch(DefaultConditionalExecutionQueue.java:164)
  	at org.gradle.internal.work.DefaultConditionalExecutionQueue$ExecutionRunner.runBatch(DefaultConditionalExecutionQueue.java:164)
  	at org.gradle.internal.work.DefaultConditionalExecutionQueue$ExecutionRunner.run(DefaultConditionalExecutionQueue.java:133)
  	at org.gradle.internal.work.DefaultConditionalExecutionQueue$ExecutionRunner.run(DefaultConditionalExecutionQueue.java:133)
  	at java.base/java.util.concurrent.Executors$RunnableAdapter.call(Executors.java:572)
  	at java.base/java.util.concurrent.Executors$RunnableAdapter.call(Executors.java:572)
  	at java.base/java.util.concurrent.FutureTask.run(FutureTask.java:317)
  	at java.base/java.util.concurrent.FutureTask.run(FutureTask.java:317)
  	at org.gradle.internal.concurrent.ExecutorPolicy$CatchAndRecordFailures.onExecute(ExecutorPolicy.java:64)
  	at org.gradle.internal.concurrent.ExecutorPolicy$CatchAndRecordFailures.onExecute(ExecutorPolicy.java:64)
  	at org.gradle.internal.concurrent.AbstractManagedExecutor$1.run(AbstractManagedExecutor.java:47)
  	at org.gradle.internal.concurrent.AbstractManagedExecutor$1.run(AbstractManagedExecutor.java:47)
  	at java.base/java.util.concurrent.ThreadPoolExecutor.runWorker(ThreadPoolExecutor.java:1144)
  	at java.base/java.util.concurrent.ThreadPoolExecutor$Worker.run(ThreadPoolExecutor.java:642)
  	at java.base/java.util.concurrent.ThreadPoolExecutor.runWorker(ThreadPoolExecutor.java:1144)
  	at java.base/java.lang.Thread.run(Thread.java:1583)
  	at java.base/java.util.concurrent.ThreadPoolExecutor$Worker.run(ThreadPoolExecutor.java:642)
  
  	at java.base/java.lang.Thread.run(Thread.java:1583)
  
  [Hilt] Processing did not complete. See error above for details.
  [Hilt] Processing did not complete. See error above for details.
error: [Hilt] Provided Metadata instance has version 2.2.0, while maximum supported version is 2.1.0. To support newer versions, update the kotlinx-metadata-jvm library.: java.lang.IllegalArgumentException: Provided Metadata instance has version 2.2.0, while maximum supported version is 2.1.0. To support newer versions, update the kotlinx-metadata-jvm library.
error: [Hilt] Provided Metadata instance has version 2.2.0, while maximum supported version is 2.1.0. To support newer versions, update the kotlinx-metadata-jvm library.: java.lang.IllegalArgumentException: Provided Metadata instance has version 2.2.0, while maximum supported version is 2.1.0. To support newer versions, update the kotlinx-metadata-jvm library.
  	at dagger.spi.internal.shaded.androidx.room.jarjarred.kotlinx.metadata.jvm.internal.JvmReadUtils.throwIfNotCompatible$kotlinx_metadata_jvm(JvmReadUtils.kt:101)
  	at dagger.spi.internal.shaded.androidx.room.jarjarred.kotlinx.metadata.jvm.internal.JvmReadUtils.throwIfNotCompatible$kotlinx_metadata_jvm(JvmReadUtils.kt:101)
  	at dagger.spi.internal.shaded.androidx.room.jarjarred.kotlinx.metadata.jvm.internal.JvmReadUtils.checkMetadataVersionForRead(JvmReadUtils.kt:90)
  	at dagger.spi.internal.shaded.androidx.room.jarjarred.kotlinx.metadata.jvm.internal.JvmReadUtils.checkMetadataVersionForRead(JvmReadUtils.kt:90)
  	at dagger.spi.internal.shaded.androidx.room.jarjarred.kotlinx.metadata.jvm.internal.JvmReadUtils.readMetadataImpl$kotlinx_metadata_jvm(JvmReadUtils.kt:47)
  	at dagger.spi.internal.shaded.androidx.room.jarjarred.kotlinx.metadata.jvm.internal.JvmReadUtils.readMetadataImpl$kotlinx_metadata_jvm(JvmReadUtils.kt:47)
  	at dagger.spi.internal.shaded.androidx.room.jarjarred.kotlinx.metadata.jvm.KotlinClassMetadata$Companion.readStrict(KotlinClassMetadata.kt:793)
  	at dagger.spi.internal.shaded.androidx.room.jarjarred.kotlinx.metadata.jvm.KotlinClassMetadata$Companion.readStrict(KotlinClassMetadata.kt:793)
  	at dagger.spi.internal.shaded.androidx.room.compiler.processing.javac.kotlin.KmClassContainer$Companion.createFor(KotlinClassMetadataUtils.kt:182)
  	at dagger.spi.internal.shaded.androidx.room.compiler.processing.javac.kotlin.KmClassContainer$Companion.createFor(KotlinClassMetadataUtils.kt:182)
  	at dagger.spi.internal.shaded.androidx.room.compiler.processing.javac.JavacTypeElement$kotlinMetadata$2.invoke(JavacTypeElement.kt:57)
  	at dagger.spi.internal.shaded.androidx.room.compiler.processing.javac.JavacTypeElement$kotlinMetadata$2.invoke(JavacTypeElement.kt:57)
  	at dagger.spi.internal.shaded.androidx.room.compiler.processing.javac.JavacTypeElement$kotlinMetadata$2.invoke(JavacTypeElement.kt:57)
  	at dagger.spi.internal.shaded.androidx.room.compiler.processing.javac.JavacTypeElement$kotlinMetadata$2.invoke(JavacTypeElement.kt:57)
  	at kotlin.SynchronizedLazyImpl.getValue(LazyJVM.kt:74)
  	at kotlin.SynchronizedLazyImpl.getValue(LazyJVM.kt:74)
  	at dagger.spi.internal.shaded.androidx.room.compiler.processing.javac.JavacTypeElement.getKotlinMetadata(JavacTypeElement.kt:57)
  	at dagger.spi.internal.shaded.androidx.room.compiler.processing.javac.JavacTypeElement.getKotlinMetadata(JavacTypeElement.kt:57)
  	at dagger.spi.internal.shaded.androidx.room.compiler.processing.javac.JavacTypeElement.isClass(JavacTypeElement.kt:133)
  	at dagger.spi.internal.shaded.androidx.room.compiler.processing.javac.JavacTypeElement.isClass(JavacTypeElement.kt:133)
  	at dagger.hilt.processor.internal.aggregateddeps.AggregatedDepsProcessingStep.processModule(AggregatedDepsProcessingStep.java:142)
  	at dagger.hilt.processor.internal.aggregateddeps.AggregatedDepsProcessingStep.processModule(AggregatedDepsProcessingStep.java:142)
  	at dagger.hilt.processor.internal.aggregateddeps.AggregatedDepsProcessingStep.processEach(AggregatedDepsProcessingStep.java:107)
  	at dagger.hilt.processor.internal.aggregateddeps.AggregatedDepsProcessingStep.processEach(AggregatedDepsProcessingStep.java:107)
  	at dagger.hilt.processor.internal.BaseProcessingStep.process(BaseProcessingStep.java:118)
  	at dagger.hilt.processor.internal.BaseProcessingStep.process(BaseProcessingStep.java:118)
  	at dagger.hilt.processor.internal.aggregateddeps.AggregatedDepsProcessingStep.process(AggregatedDepsProcessingStep.java:46)
  	at dagger.spi.internal.shaded.androidx.room.compiler.processing.CommonProcessorDelegate.processRound(XBasicAnnotationProcessor.kt:134)
  	at dagger.spi.internal.shaded.androidx.room.compiler.processing.javac.JavacBasicAnnotationProcessor.process(JavacBasicAnnotationProcessor.kt:75)
  	at dagger.hilt.processor.internal.aggregateddeps.AggregatedDepsProcessingStep.process(AggregatedDepsProcessingStep.java:46)
  	at org.jetbrains.kotlin.kapt.base.incremental.IncrementalProcessor.process(incrementalProcessors.kt:88)
  	at dagger.spi.internal.shaded.androidx.room.compiler.processing.CommonProcessorDelegate.processRound(XBasicAnnotationProcessor.kt:134)
  	at org.jetbrains.kotlin.kapt.base.ProcessorWrapper.process(annotationProcessing.kt:217)
  	at dagger.spi.internal.shaded.androidx.room.compiler.processing.javac.JavacBasicAnnotationProcessor.process(JavacBasicAnnotationProcessor.kt:75)
  	at org.jetbrains.kotlin.kapt.base.incremental.IncrementalProcessor.process(incrementalProcessors.kt:88)
  	at org.jetbrains.kotlin.kapt.base.ProcessorWrapper.process(annotationProcessing.kt:217)
  	at jdk.compiler/com.sun.tools.javac.processing.JavacProcessingEnvironment.callProcessor(JavacProcessingEnvironment.java:1021)
  	at jdk.compiler/com.sun.tools.javac.processing.JavacProcessingEnvironment.callProcessor(JavacProcessingEnvironment.java:1021)
  	at jdk.compiler/com.sun.tools.javac.processing.JavacProcessingEnvironment.discoverAndRunProcs(JavacProcessingEnvironment.java:937)
  	at jdk.compiler/com.sun.tools.javac.processing.JavacProcessingEnvironment.discoverAndRunProcs(JavacProcessingEnvironment.java:937)
  	at jdk.compiler/com.sun.tools.javac.processing.JavacProcessingEnvironment$Round.run(JavacProcessingEnvironment.java:1265)
  	at jdk.compiler/com.sun.tools.javac.processing.JavacProcessingEnvironment$Round.run(JavacProcessingEnvironment.java:1265)
  	at jdk.compiler/com.sun.tools.javac.processing.JavacProcessingEnvironment.doProcessing(JavacProcessingEnvironment.java:1380)
  	at jdk.compiler/com.sun.tools.javac.processing.JavacProcessingEnvironment.doProcessing(JavacProcessingEnvironment.java:1380)
  	at jdk.compiler/com.sun.tools.javac.main.JavaCompiler.processAnnotations(JavaCompiler.java:1272)
  	at jdk.compiler/com.sun.tools.javac.main.JavaCompiler.processAnnotations(JavaCompiler.java:1272)
  	at java.base/jdk.internal.reflect.DirectMethodHandleAccessor.invoke(DirectMethodHandleAccessor.java:103)
  	at java.base/jdk.internal.reflect.DirectMethodHandleAccessor.invoke(DirectMethodHandleAccessor.java:103)
  	at java.base/java.lang.reflect.Method.invoke(Method.java:580)
  	at java.base/java.lang.reflect.Method.invoke(Method.java:580)
  	at org.jetbrains.kotlin.kapt.base.AnnotationProcessingKt.doAnnotationProcessing(annotationProcessing.kt:98)
  	at org.jetbrains.kotlin.kapt.base.AnnotationProcessingKt.doAnnotationProcessing(annotationProcessing.kt:98)
  	at org.jetbrains.kotlin.kapt.base.AnnotationProcessingKt.doAnnotationProcessing(annotationProcessing.kt:37)
  	at org.jetbrains.kotlin.kapt.base.Kapt.kapt(Kapt.kt:46)
  	at org.jetbrains.kotlin.kapt.base.AnnotationProcessingKt.doAnnotationProcessing(annotationProcessing.kt:37)
  	at java.base/jdk.internal.reflect.DirectMethodHandleAccessor.invoke(DirectMethodHandleAccessor.java:103)
  	at java.base/java.lang.reflect.Method.invoke(Method.java:580)
  	at org.jetbrains.kotlin.gradle.internal.KaptExecution.run(KaptWithoutKotlincTask.kt:336)
  	at org.jetbrains.kotlin.gradle.internal.KaptWithoutKotlincTask$KaptExecutionWorkAction.execute(KaptWithoutKotlincTask.kt:273)
  	at org.gradle.workers.internal.DefaultWorkerServer.execute(DefaultWorkerServer.java:68)
  	at org.jetbrains.kotlin.kapt.base.Kapt.kapt(Kapt.kt:46)
  	at org.gradle.workers.internal.NoIsolationWorkerFactory$1$1.create(NoIsolationWorkerFactory.java:64)
  	at java.base/jdk.internal.reflect.DirectMethodHandleAccessor.invoke(DirectMethodHandleAccessor.java:103)
  	at org.gradle.workers.internal.NoIsolationWorkerFactory$1$1.create(NoIsolationWorkerFactory.java:61)
  	at java.base/java.lang.reflect.Method.invoke(Method.java:580)
  	at org.gradle.internal.classloader.ClassLoaderUtils.executeInClassloader(ClassLoaderUtils.java:102)
  	at org.jetbrains.kotlin.gradle.internal.KaptExecution.run(KaptWithoutKotlincTask.kt:336)
  	at org.gradle.workers.internal.NoIsolationWorkerFactory$1.lambda$execute$0(NoIsolationWorkerFactory.java:61)
  	at org.gradle.workers.internal.AbstractWorker$1.call(AbstractWorker.java:44)
  	at org.jetbrains.kotlin.gradle.internal.KaptWithoutKotlincTask$KaptExecutionWorkAction.execute(KaptWithoutKotlincTask.kt:273)
  	at org.gradle.workers.internal.AbstractWorker$1.call(AbstractWorker.java:41)
  	at org.gradle.workers.internal.DefaultWorkerServer.execute(DefaultWorkerServer.java:68)
  	at org.gradle.workers.internal.NoIsolationWorkerFactory$1$1.create(NoIsolationWorkerFactory.java:64)
  	at org.gradle.internal.operations.DefaultBuildOperationRunner$CallableBuildOperationWorker.execute(DefaultBuildOperationRunner.java:210)
  	at org.gradle.internal.operations.DefaultBuildOperationRunner$CallableBuildOperationWorker.execute(DefaultBuildOperationRunner.java:205)
  	at org.gradle.internal.operations.DefaultBuildOperationRunner$2.execute(DefaultBuildOperationRunner.java:67)
  	at org.gradle.internal.operations.DefaultBuildOperationRunner$2.execute(DefaultBuildOperationRunner.java:60)
  	at org.gradle.workers.internal.NoIsolationWorkerFactory$1$1.create(NoIsolationWorkerFactory.java:61)
  	at org.gradle.internal.operations.DefaultBuildOperationRunner.execute(DefaultBuildOperationRunner.java:167)
  	at org.gradle.internal.operations.DefaultBuildOperationRunner.execute(DefaultBuildOperationRunner.java:60)
  	at org.gradle.internal.operations.DefaultBuildOperationRunner.call(DefaultBuildOperationRunner.java:54)
  	at org.gradle.workers.internal.AbstractWorker.executeWrappedInBuildOperation(AbstractWorker.java:41)
  	at org.gradle.workers.internal.NoIsolationWorkerFactory$1.execute(NoIsolationWorkerFactory.java:58)
  	at org.gradle.workers.internal.DefaultWorkerExecutor.lambda$submitWork$0(DefaultWorkerExecutor.java:176)
  	at java.base/java.util.concurrent.FutureTask.run(FutureTask.java:317)
  	at org.gradle.internal.work.DefaultConditionalExecutionQueue$ExecutionRunner.runExecution(DefaultConditionalExecutionQueue.java:194)
  	at org.gradle.internal.work.DefaultConditionalExecutionQueue$ExecutionRunner.access$700(DefaultConditionalExecutionQueue.java:127)
  	at org.gradle.internal.work.DefaultConditionalExecutionQueue$ExecutionRunner$1.run(DefaultConditionalExecutionQueue.java:169)
  	at org.gradle.internal.Factories$1.create(Factories.java:30)
  	at org.gradle.internal.classloader.ClassLoaderUtils.executeInClassloader(ClassLoaderUtils.java:102)
  	at org.gradle.internal.work.DefaultWorkerLeaseService.lambda$withLocksAcquired$0(DefaultWorkerLeaseService.java:275)
  	at org.gradle.workers.internal.NoIsolationWorkerFactory$1.lambda$execute$0(NoIsolationWorkerFactory.java:61)
  	at org.gradle.internal.work.ResourceLockStatistics$1.measure(ResourceLockStatistics.java:43)
  	at org.gradle.workers.internal.AbstractWorker$1.call(AbstractWorker.java:44)
  	at org.gradle.internal.work.DefaultWorkerLeaseService.withLocksAcquired(DefaultWorkerLeaseService.java:273)
  	at org.gradle.internal.work.DefaultWorkerLeaseService.withLocks(DefaultWorkerLeaseService.java:265)
  	at org.gradle.internal.work.DefaultWorkerLeaseService.runAsWorkerThread(DefaultWorkerLeaseService.java:128)
  	at org.gradle.internal.work.DefaultWorkerLeaseService.runAsWorkerThread(DefaultWorkerLeaseService.java:133)
  	at org.gradle.internal.work.DefaultConditionalExecutionQueue$ExecutionRunner.runBatch(DefaultConditionalExecutionQueue.java:164)
  	at org.gradle.workers.internal.AbstractWorker$1.call(AbstractWorker.java:41)
  	at org.gradle.internal.work.DefaultConditionalExecutionQueue$ExecutionRunner.run(DefaultConditionalExecutionQueue.java:133)
  	at java.base/java.util.concurrent.Executors$RunnableAdapter.call(Executors.java:572)
  	at java.base/java.util.concurrent.FutureTask.run(FutureTask.java:317)
  	at org.gradle.internal.operations.DefaultBuildOperationRunner$CallableBuildOperationWorker.execute(DefaultBuildOperationRunner.java:210)
  	at org.gradle.internal.concurrent.ExecutorPolicy$CatchAndRecordFailures.onExecute(ExecutorPolicy.java:64)
  	at org.gradle.internal.operations.DefaultBuildOperationRunner$CallableBuildOperationWorker.execute(DefaultBuildOperationRunner.java:205)
  	at org.gradle.internal.operations.DefaultBuildOperationRunner$2.execute(DefaultBuildOperationRunner.java:67)
  	at org.gradle.internal.operations.DefaultBuildOperationRunner$2.execute(DefaultBuildOperationRunner.java:60)
  	at org.gradle.internal.concurrent.AbstractManagedExecutor$1.run(AbstractManagedExecutor.java:47)
  	at org.gradle.internal.operations.DefaultBuildOperationRunner.execute(DefaultBuildOperationRunner.java:167)
  	at java.base/java.util.concurrent.ThreadPoolExecutor.runWorker(ThreadPoolExecutor.java:1144)
  	at org.gradle.internal.operations.DefaultBuildOperationRunner.execute(DefaultBuildOperationRunner.java:60)
  	at java.base/java.util.concurrent.ThreadPoolExecutor$Worker.run(ThreadPoolExecutor.java:642)
  	at org.gradle.internal.operations.DefaultBuildOperationRunner.call(DefaultBuildOperationRunner.java:54)
  	at java.base/java.lang.Thread.run(Thread.java:1583)
  	at org.gradle.workers.internal.AbstractWorker.executeWrappedInBuildOperation(AbstractWorker.java:41)
  
  	at org.gradle.workers.internal.NoIsolationWorkerFactory$1.execute(NoIsolationWorkerFactory.java:58)
  [Hilt] Processing did not complete. See error above for details.
  	at org.gradle.workers.internal.DefaultWorkerExecutor.lambda$submitWork$0(DefaultWorkerExecutor.java:176)
  	at java.base/java.util.concurrent.FutureTask.run(FutureTask.java:317)
  	at org.gradle.internal.work.DefaultConditionalExecutionQueue$ExecutionRunner.runExecution(DefaultConditionalExecutionQueue.java:194)
  	at org.gradle.internal.work.DefaultConditionalExecutionQueue$ExecutionRunner.access$700(DefaultConditionalExecutionQueue.java:127)
  	at org.gradle.internal.work.DefaultConditionalExecutionQueue$ExecutionRunner$1.run(DefaultConditionalExecutionQueue.java:169)
  	at org.gradle.internal.Factories$1.create(Factories.java:30)
  	at org.gradle.internal.work.DefaultWorkerLeaseService.lambda$withLocksAcquired$0(DefaultWorkerLeaseService.java:275)
  	at org.gradle.internal.work.ResourceLockStatistics$1.measure(ResourceLockStatistics.java:43)
  	at org.gradle.internal.work.DefaultWorkerLeaseService.withLocksAcquired(DefaultWorkerLeaseService.java:273)
  	at org.gradle.internal.work.DefaultWorkerLeaseService.withLocks(DefaultWorkerLeaseService.java:265)
  	at org.gradle.internal.work.DefaultWorkerLeaseService.runAsWorkerThread(DefaultWorkerLeaseService.java:128)
  	at org.gradle.internal.work.DefaultWorkerLeaseService.runAsWorkerThread(DefaultWorkerLeaseService.java:133)
  	at org.gradle.internal.work.DefaultConditionalExecutionQueue$ExecutionRunner.runBatch(DefaultConditionalExecutionQueue.java:164)
  	at org.gradle.internal.work.DefaultConditionalExecutionQueue$ExecutionRunner.run(DefaultConditionalExecutionQueue.java:133)
  	at java.base/java.util.concurrent.Executors$RunnableAdapter.call(Executors.java:572)
  	at java.base/java.util.concurrent.FutureTask.run(FutureTask.java:317)
  	at org.gradle.internal.concurrent.ExecutorPolicy$CatchAndRecordFailures.onExecute(ExecutorPolicy.java:64)
  	at org.gradle.internal.concurrent.AbstractManagedExecutor$1.run(AbstractManagedExecutor.java:47)
  	at java.base/java.util.concurrent.ThreadPoolExecutor.runWorker(ThreadPoolExecutor.java:1144)
  	at java.base/java.util.concurrent.ThreadPoolExecutor$Worker.run(ThreadPoolExecutor.java:642)
  	at java.base/java.lang.Thread.run(Thread.java:1583)
  
  [Hilt] Processing did not complete. See error above for details.
error: [Hilt] Provided Metadata instance has version 2.2.0, while maximum supported version is 2.1.0. To support newer versions, update the kotlinx-metadata-jvm library.: java.lang.IllegalArgumentException: Provided Metadata instance has version 2.2.0, while maximum supported version is 2.1.0. To support newer versions, update the kotlinx-metadata-jvm library.
  	at dagger.spi.internal.shaded.androidx.room.jarjarred.kotlinx.metadata.jvm.internal.JvmReadUtils.throwIfNotCompatible$kotlinx_metadata_jvm(JvmReadUtils.kt:101)
  	at dagger.spi.internal.shaded.androidx.room.jarjarred.kotlinx.metadata.jvm.internal.JvmReadUtils.checkMetadataVersionForRead(JvmReadUtils.kt:90)
  	at dagger.spi.internal.shaded.androidx.room.jarjarred.kotlinx.metadata.jvm.internal.JvmReadUtils.readMetadataImpl$kotlinx_metadata_jvm(JvmReadUtils.kt:47)
error: [Hilt] Provided Metadata instance has version 2.2.0, while maximum supported version is 2.1.0. To support newer versions, update the kotlinx-metadata-jvm library.: java.lang.IllegalArgumentException: Provided Metadata instance has version 2.2.0, while maximum supported version is 2.1.0. To support newer versions, update the kotlinx-metadata-jvm library.
  	at dagger.spi.internal.shaded.androidx.room.jarjarred.kotlinx.metadata.jvm.KotlinClassMetadata$Companion.readStrict(KotlinClassMetadata.kt:793)
  	at dagger.spi.internal.shaded.androidx.room.jarjarred.kotlinx.metadata.jvm.internal.JvmReadUtils.throwIfNotCompatible$kotlinx_metadata_jvm(JvmReadUtils.kt:101)
  	at dagger.spi.internal.shaded.androidx.room.compiler.processing.javac.kotlin.KmClassContainer$Companion.createFor(KotlinClassMetadataUtils.kt:182)
  	at dagger.spi.internal.shaded.androidx.room.jarjarred.kotlinx.metadata.jvm.internal.JvmReadUtils.checkMetadataVersionForRead(JvmReadUtils.kt:90)
  	at dagger.spi.internal.shaded.androidx.room.compiler.processing.javac.JavacTypeElement$kotlinMetadata$2.invoke(JavacTypeElement.kt:57)
  	at dagger.spi.internal.shaded.androidx.room.jarjarred.kotlinx.metadata.jvm.internal.JvmReadUtils.readMetadataImpl$kotlinx_metadata_jvm(JvmReadUtils.kt:47)
  	at dagger.spi.internal.shaded.androidx.room.compiler.processing.javac.JavacTypeElement$kotlinMetadata$2.invoke(JavacTypeElement.kt:57)
  	at kotlin.SynchronizedLazyImpl.getValue(LazyJVM.kt:74)
  	at dagger.spi.internal.shaded.androidx.room.jarjarred.kotlinx.metadata.jvm.KotlinClassMetadata$Companion.readStrict(KotlinClassMetadata.kt:793)
  	at dagger.spi.internal.shaded.androidx.room.compiler.processing.javac.JavacTypeElement.getKotlinMetadata(JavacTypeElement.kt:57)
  	at dagger.spi.internal.shaded.androidx.room.compiler.processing.javac.kotlin.KmClassContainer$Companion.createFor(KotlinClassMetadataUtils.kt:182)
  	at dagger.spi.internal.shaded.androidx.room.compiler.processing.javac.JavacTypeElement.isInterface(JavacTypeElement.kt:141)
  	at dagger.spi.internal.shaded.androidx.room.compiler.processing.javac.JavacTypeElement$kotlinMetadata$2.invoke(JavacTypeElement.kt:57)
  	at dagger.hilt.processor.internal.aggregateddeps.AggregatedDepsProcessingStep.processEntryPoint(AggregatedDepsProcessingStep.java:296)
  	at dagger.spi.internal.shaded.androidx.room.compiler.processing.javac.JavacTypeElement$kotlinMetadata$2.invoke(JavacTypeElement.kt:57)
  	at kotlin.SynchronizedLazyImpl.getValue(LazyJVM.kt:74)
  	at dagger.hilt.processor.internal.aggregateddeps.AggregatedDepsProcessingStep.processEach(AggregatedDepsProcessingStep.java:109)
  	at dagger.spi.internal.shaded.androidx.room.compiler.processing.javac.JavacTypeElement.getKotlinMetadata(JavacTypeElement.kt:57)
  	at dagger.hilt.processor.internal.BaseProcessingStep.process(BaseProcessingStep.java:118)
  	at dagger.spi.internal.shaded.androidx.room.compiler.processing.javac.JavacTypeElement.isInterface(JavacTypeElement.kt:141)
  	at dagger.hilt.processor.internal.aggregateddeps.AggregatedDepsProcessingStep.processEntryPoint(AggregatedDepsProcessingStep.java:296)
  	at dagger.hilt.processor.internal.aggregateddeps.AggregatedDepsProcessingStep.processEach(AggregatedDepsProcessingStep.java:109)
  	at dagger.hilt.processor.internal.BaseProcessingStep.process(BaseProcessingStep.java:118)
  	at dagger.hilt.processor.internal.aggregateddeps.AggregatedDepsProcessingStep.process(AggregatedDepsProcessingStep.java:46)
  	at dagger.spi.internal.shaded.androidx.room.compiler.processing.CommonProcessorDelegate.processRound(XBasicAnnotationProcessor.kt:134)
  	at dagger.spi.internal.shaded.androidx.room.compiler.processing.javac.JavacBasicAnnotationProcessor.process(JavacBasicAnnotationProcessor.kt:75)
  	at org.jetbrains.kotlin.kapt.base.incremental.IncrementalProcessor.process(incrementalProcessors.kt:88)
  	at org.jetbrains.kotlin.kapt.base.ProcessorWrapper.process(annotationProcessing.kt:217)
  	at jdk.compiler/com.sun.tools.javac.processing.JavacProcessingEnvironment.callProcessor(JavacProcessingEnvironment.java:1021)
  	at jdk.compiler/com.sun.tools.javac.processing.JavacProcessingEnvironment.discoverAndRunProcs(JavacProcessingEnvironment.java:937)
  	at jdk.compiler/com.sun.tools.javac.processing.JavacProcessingEnvironment$Round.run(JavacProcessingEnvironment.java:1265)
  	at jdk.compiler/com.sun.tools.javac.processing.JavacProcessingEnvironment.doProcessing(JavacProcessingEnvironment.java:1380)
  	at jdk.compiler/com.sun.tools.javac.main.JavaCompiler.processAnnotations(JavaCompiler.java:1272)
  	at java.base/jdk.internal.reflect.DirectMethodHandleAccessor.invoke(DirectMethodHandleAccessor.java:103)
  	at java.base/java.lang.reflect.Method.invoke(Method.java:580)
  	at org.jetbrains.kotlin.kapt.base.AnnotationProcessingKt.doAnnotationProcessing(annotationProcessing.kt:98)
  	at org.jetbrains.kotlin.kapt.base.AnnotationProcessingKt.doAnnotationProcessing(annotationProcessing.kt:37)
  	at org.jetbrains.kotlin.kapt.base.Kapt.kapt(Kapt.kt:46)
  	at java.base/jdk.internal.reflect.DirectMethodHandleAccessor.invoke(DirectMethodHandleAccessor.java:103)
  	at java.base/java.lang.reflect.Method.invoke(Method.java:580)
  	at org.jetbrains.kotlin.gradle.internal.KaptExecution.run(KaptWithoutKotlincTask.kt:336)
  	at org.jetbrains.kotlin.gradle.internal.KaptWithoutKotlincTask$KaptExecutionWorkAction.execute(KaptWithoutKotlincTask.kt:273)
  	at org.gradle.workers.internal.DefaultWorkerServer.execute(DefaultWorkerServer.java:68)
  	at org.gradle.workers.internal.NoIsolationWorkerFactory$1$1.create(NoIsolationWorkerFactory.java:64)
  	at org.gradle.workers.internal.NoIsolationWorkerFactory$1$1.create(NoIsolationWorkerFactory.java:61)
  	at org.gradle.internal.classloader.ClassLoaderUtils.executeInClassloader(ClassLoaderUtils.java:102)
  	at org.gradle.workers.internal.NoIsolationWorkerFactory$1.lambda$execute$0(NoIsolationWorkerFactory.java:61)
  	at org.gradle.workers.internal.AbstractWorker$1.call(AbstractWorker.java:44)
  	at org.gradle.workers.internal.AbstractWorker$1.call(AbstractWorker.java:41)
  	at org.gradle.internal.operations.DefaultBuildOperationRunner$CallableBuildOperationWorker.execute(DefaultBuildOperationRunner.java:210)
  	at org.gradle.internal.operations.DefaultBuildOperationRunner$CallableBuildOperationWorker.execute(DefaultBuildOperationRunner.java:205)
  	at org.gradle.internal.operations.DefaultBuildOperationRunner$2.execute(DefaultBuildOperationRunner.java:67)
  	at org.gradle.internal.operations.DefaultBuildOperationRunner$2.execute(DefaultBuildOperationRunner.java:60)
  	at org.gradle.internal.operations.DefaultBuildOperationRunner.execute(DefaultBuildOperationRunner.java:167)
  	at org.gradle.internal.operations.DefaultBuildOperationRunner.execute(DefaultBuildOperationRunner.java:60)
  	at org.gradle.internal.operations.DefaultBuildOperationRunner.call(DefaultBuildOperationRunner.java:54)
  	at org.gradle.workers.internal.AbstractWorker.executeWrappedInBuildOperation(AbstractWorker.java:41)
  	at org.gradle.workers.internal.NoIsolationWorkerFactory$1.execute(NoIsolationWorkerFactory.java:58)
  	at org.gradle.workers.internal.DefaultWorkerExecutor.lambda$submitWork$0(DefaultWorkerExecutor.java:176)
  	at java.base/java.util.concurrent.FutureTask.run(FutureTask.java:317)
  	at org.gradle.internal.work.DefaultConditionalExecutionQueue$ExecutionRunner.runExecution(DefaultConditionalExecutionQueue.java:194)
  	at org.gradle.internal.work.DefaultConditionalExecutionQueue$ExecutionRunner.access$700(DefaultConditionalExecutionQueue.java:127)
  	at org.gradle.internal.work.DefaultConditionalExecutionQueue$ExecutionRunner$1.run(DefaultConditionalExecutionQueue.java:169)
  	at org.gradle.internal.Factories$1.create(Factories.java:30)
  	at org.gradle.internal.work.DefaultWorkerLeaseService.lambda$withLocksAcquired$0(DefaultWorkerLeaseService.java:275)
  	at org.gradle.internal.work.ResourceLockStatistics$1.measure(ResourceLockStatistics.java:43)
  	at org.gradle.internal.work.DefaultWorkerLeaseService.withLocksAcquired(DefaultWorkerLeaseService.java:273)
  	at org.gradle.internal.work.DefaultWorkerLeaseService.withLocks(DefaultWorkerLeaseService.java:265)
  	at org.gradle.internal.work.DefaultWorkerLeaseService.runAsWorkerThread(DefaultWorkerLeaseService.java:128)
  	at org.gradle.internal.work.DefaultWorkerLeaseService.runAsWorkerThread(DefaultWorkerLeaseService.java:133)
  	at org.gradle.internal.work.DefaultConditionalExecutionQueue$ExecutionRunner.runBatch(DefaultConditionalExecutionQueue.java:164)
  	at org.gradle.internal.work.DefaultConditionalExecutionQueue$ExecutionRunner.run(DefaultConditionalExecutionQueue.java:133)
  	at java.base/java.util.concurrent.Executors$RunnableAdapter.call(Executors.java:572)
  	at java.base/java.util.concurrent.FutureTask.run(FutureTask.java:317)
  	at org.gradle.internal.concurrent.ExecutorPolicy$CatchAndRecordFailures.onExecute(ExecutorPolicy.java:64)
  	at org.gradle.internal.concurrent.AbstractManagedExecutor$1.run(AbstractManagedExecutor.java:47)
  	at java.base/java.util.concurrent.ThreadPoolExecutor.runWorker(ThreadPoolExecutor.java:1144)
  	at dagger.hilt.processor.internal.aggregateddeps.AggregatedDepsProcessingStep.process(AggregatedDepsProcessingStep.java:46)
  	at java.base/java.util.concurrent.ThreadPoolExecutor$Worker.run(ThreadPoolExecutor.java:642)
  	at java.base/java.lang.Thread.run(Thread.java:1583)
  	at dagger.spi.internal.shaded.androidx.room.compiler.processing.CommonProcessorDelegate.processRound(XBasicAnnotationProcessor.kt:134)
  
  [Hilt] Processing did not complete. See error above for details.
  	at dagger.spi.internal.shaded.androidx.room.compiler.processing.javac.JavacBasicAnnotationProcessor.process(JavacBasicAnnotationProcessor.kt:75)
  	at org.jetbrains.kotlin.kapt.base.incremental.IncrementalProcessor.process(incrementalProcessors.kt:88)
  	at org.jetbrains.kotlin.kapt.base.ProcessorWrapper.process(annotationProcessing.kt:217)
  	at jdk.compiler/com.sun.tools.javac.processing.JavacProcessingEnvironment.callProcessor(JavacProcessingEnvironment.java:1021)
  	at jdk.compiler/com.sun.tools.javac.processing.JavacProcessingEnvironment.discoverAndRunProcs(JavacProcessingEnvironment.java:937)
  	at jdk.compiler/com.sun.tools.javac.processing.JavacProcessingEnvironment$Round.run(JavacProcessingEnvironment.java:1265)
  	at jdk.compiler/com.sun.tools.javac.processing.JavacProcessingEnvironment.doProcessing(JavacProcessingEnvironment.java:1380)
  	at jdk.compiler/com.sun.tools.javac.main.JavaCompiler.processAnnotations(JavaCompiler.java:1272)
  	at java.base/jdk.internal.reflect.DirectMethodHandleAccessor.invoke(DirectMethodHandleAccessor.java:103)
  	at java.base/java.lang.reflect.Method.invoke(Method.java:580)
  	at org.jetbrains.kotlin.kapt.base.AnnotationProcessingKt.doAnnotationProcessing(annotationProcessing.kt:98)
  	at org.jetbrains.kotlin.kapt.base.AnnotationProcessingKt.doAnnotationProcessing(annotationProcessing.kt:37)
  	at org.jetbrains.kotlin.kapt.base.Kapt.kapt(Kapt.kt:46)
  	at java.base/jdk.internal.reflect.DirectMethodHandleAccessor.invoke(DirectMethodHandleAccessor.java:103)
  	at java.base/java.lang.reflect.Method.invoke(Method.java:580)
  	at org.jetbrains.kotlin.gradle.internal.KaptExecution.run(KaptWithoutKotlincTask.kt:336)
  	at org.jetbrains.kotlin.gradle.internal.KaptWithoutKotlincTask$KaptExecutionWorkAction.execute(KaptWithoutKotlincTask.kt:273)
  	at org.gradle.workers.internal.DefaultWorkerServer.execute(DefaultWorkerServer.java:68)
  	at org.gradle.workers.internal.NoIsolationWorkerFactory$1$1.create(NoIsolationWorkerFactory.java:64)
  	at org.gradle.workers.internal.NoIsolationWorkerFactory$1$1.create(NoIsolationWorkerFactory.java:61)
  	at org.gradle.internal.classloader.ClassLoaderUtils.executeInClassloader(ClassLoaderUtils.java:102)
  	at org.gradle.workers.internal.NoIsolationWorkerFactory$1.lambda$execute$0(NoIsolationWorkerFactory.java:61)
  	at org.gradle.workers.internal.AbstractWorker$1.call(AbstractWorker.java:44)
  	at org.gradle.workers.internal.AbstractWorker$1.call(AbstractWorker.java:41)
  	at org.gradle.internal.operations.DefaultBuildOperationRunner$CallableBuildOperationWorker.execute(DefaultBuildOperationRunner.java:210)
  	at org.gradle.internal.operations.DefaultBuildOperationRunner$CallableBuildOperationWorker.execute(DefaultBuildOperationRunner.java:205)
  	at org.gradle.internal.operations.DefaultBuildOperationRunner$2.execute(DefaultBuildOperationRunner.java:67)
  	at org.gradle.internal.operations.DefaultBuildOperationRunner$2.execute(DefaultBuildOperationRunner.java:60)
  	at org.gradle.internal.operations.DefaultBuildOperationRunner.execute(DefaultBuildOperationRunner.java:167)
  	at org.gradle.internal.operations.DefaultBuildOperationRunner.execute(DefaultBuildOperationRunner.java:60)
  	at org.gradle.internal.operations.DefaultBuildOperationRunner.call(DefaultBuildOperationRunner.java:54)
  	at org.gradle.workers.internal.AbstractWorker.executeWrappedInBuildOperation(AbstractWorker.java:41)
  	at org.gradle.workers.internal.NoIsolationWorkerFactory$1.execute(NoIsolationWorkerFactory.java:58)
  	at org.gradle.workers.internal.DefaultWorkerExecutor.lambda$submitWork$0(DefaultWorkerExecutor.java:176)
  	at java.base/java.util.concurrent.FutureTask.run(FutureTask.java:317)
  	at org.gradle.internal.work.DefaultConditionalExecutionQueue$ExecutionRunner.runExecution(DefaultConditionalExecutionQueue.java:194)
  	at org.gradle.internal.work.DefaultConditionalExecutionQueue$ExecutionRunner.access$700(DefaultConditionalExecutionQueue.java:127)
  	at org.gradle.internal.work.DefaultConditionalExecutionQueue$ExecutionRunner$1.run(DefaultConditionalExecutionQueue.java:169)
  	at org.gradle.internal.Factories$1.create(Factories.java:30)
  	at org.gradle.internal.work.DefaultWorkerLeaseService.lambda$withLocksAcquired$0(DefaultWorkerLeaseService.java:275)
  	at org.gradle.internal.work.ResourceLockStatistics$1.measure(ResourceLockStatistics.java:43)
  	at org.gradle.internal.work.DefaultWorkerLeaseService.withLocksAcquired(DefaultWorkerLeaseService.java:273)
  	at org.gradle.internal.work.DefaultWorkerLeaseService.withLocks(DefaultWorkerLeaseService.java:265)
  	at org.gradle.internal.work.DefaultWorkerLeaseService.runAsWorkerThread(DefaultWorkerLeaseService.java:128)
  	at org.gradle.internal.work.DefaultWorkerLeaseService.runAsWorkerThread(DefaultWorkerLeaseService.java:133)
  	at org.gradle.internal.work.DefaultConditionalExecutionQueue$ExecutionRunner.runBatch(DefaultConditionalExecutionQueue.java:164)
  	at org.gradle.internal.work.DefaultConditionalExecutionQueue$ExecutionRunner.run(DefaultConditionalExecutionQueue.java:133)
  	at java.base/java.util.concurrent.Executors$RunnableAdapter.call(Executors.java:572)
  	at java.base/java.util.concurrent.FutureTask.run(FutureTask.java:317)
  	at org.gradle.internal.concurrent.ExecutorPolicy$CatchAndRecordFailures.onExecute(ExecutorPolicy.java:64)
  	at org.gradle.internal.concurrent.AbstractManagedExecutor$1.run(AbstractManagedExecutor.java:47)
  	at java.base/java.util.concurrent.ThreadPoolExecutor.runWorker(ThreadPoolExecutor.java:1144)
  	at java.base/java.util.concurrent.ThreadPoolExecutor$Worker.run(ThreadPoolExecutor.java:642)
  	at java.base/java.lang.Thread.run(Thread.java:1583)
  
  [Hilt] Processing did not complete. See error above for details.

FAILURE: Build completed with 2 failures.

1: Task failed with an exception.
-----------
* What went wrong:
Execution failed for task ':app:kaptReleaseKotlin'.
> A failure occurred while executing org.jetbrains.kotlin.gradle.internal.KaptWithoutKotlincTask$KaptExecutionWorkAction

* Try:
> Run with --stacktrace option to get the stack trace.
> Run with --info or --debug option to get more log output.
> Run with --scan to get full insights from a Build Scan (powered by Develocity).
> Get more help at https://help.gradle.org.
==============================================================================

2: Task failed with an exception.
-----------
* What went wrong:
Execution failed for task ':app:kaptDebugKotlin'.
> A failure occurred while executing org.jetbrains.kotlin.gradle.internal.KaptWithoutKotlincTask$KaptExecutionWorkAction

* Try:
> Run with --stacktrace option to get the stack trace.
> Run with --info or --debug option to get more log output.
> Run with --scan to get full insights from a Build Scan (powered by Develocity).
> Get more help at https://help.gradle.org.
==============================================================================

BUILD FAILED in 3m 25s
